Archive member included because of file (symbol)

c:/program files/codesourcery/sourcery g++ lite/bin/../lib/gcc/arm-none-eabi/4.4.1/thumb2\libgcc.a(_arm_addsubsf3.o)
                              Debug/STM32Timer.o (__aeabi_ul2f)
c:/program files/codesourcery/sourcery g++ lite/bin/../lib/gcc/arm-none-eabi/4.4.1/thumb2\libgcc.a(_arm_muldivsf3.o)
                              Debug/STM32Timer.o (__aeabi_fdiv)
c:/program files/codesourcery/sourcery g++ lite/bin/../lib/gcc/arm-none-eabi/4.4.1/thumb2\libgcc.a(_arm_fixsfsi.o)
                              Debug/STM32Timer.o (__aeabi_f2iz)
c:/program files/codesourcery/sourcery g++ lite/bin/../lib/gcc/arm-none-eabi/4.4.1/../../../../arm-none-eabi/lib/thumb2\libc.a(lib_a-assert.o)
                              Debug/EplObd.o (__assert_func)
c:/program files/codesourcery/sourcery g++ lite/bin/../lib/gcc/arm-none-eabi/4.4.1/../../../../arm-none-eabi/lib/thumb2\libc.a(lib_a-fiprintf.o)
                              c:/program files/codesourcery/sourcery g++ lite/bin/../lib/gcc/arm-none-eabi/4.4.1/../../../../arm-none-eabi/lib/thumb2\libc.a(lib_a-assert.o) (fiprintf)
c:/program files/codesourcery/sourcery g++ lite/bin/../lib/gcc/arm-none-eabi/4.4.1/../../../../arm-none-eabi/lib/thumb2\libc.a(lib_a-impure.o)
                              c:/program files/codesourcery/sourcery g++ lite/bin/../lib/gcc/arm-none-eabi/4.4.1/../../../../arm-none-eabi/lib/thumb2\libc.a(lib_a-assert.o) (_impure_ptr)
c:/program files/codesourcery/sourcery g++ lite/bin/../lib/gcc/arm-none-eabi/4.4.1/../../../../arm-none-eabi/lib/thumb2\libc.a(lib_a-memcpy.o)
                              Debug/drvTask.o (memcpy)
c:/program files/codesourcery/sourcery g++ lite/bin/../lib/gcc/arm-none-eabi/4.4.1/../../../../arm-none-eabi/lib/thumb2\libc.a(lib_a-memset.o)
                              Debug/drvTask.o (memset)
c:/program files/codesourcery/sourcery g++ lite/bin/../lib/gcc/arm-none-eabi/4.4.1/../../../../arm-none-eabi/lib/thumb2\libc.a(lib_a-printf.o)
                              Debug/stf_syscalls_minimal.o (printf)
c:/program files/codesourcery/sourcery g++ lite/bin/../lib/gcc/arm-none-eabi/4.4.1/../../../../arm-none-eabi/lib/thumb2\libc.a(lib_a-reent.o)
                              Debug/stf_syscalls_minimal.o (errno)
c:/program files/codesourcery/sourcery g++ lite/bin/../lib/gcc/arm-none-eabi/4.4.1/../../../../arm-none-eabi/lib/thumb2\libc.a(lib_a-strlen.o)
                              Debug/debugging.o (strlen)
c:/program files/codesourcery/sourcery g++ lite/bin/../lib/gcc/arm-none-eabi/4.4.1/../../../../arm-none-eabi/lib/thumb2\libc.a(lib_a-strncpy.o)
                              Debug/tasks.o (strncpy)
c:/program files/codesourcery/sourcery g++ lite/bin/../lib/gcc/arm-none-eabi/4.4.1/../../../../arm-none-eabi/lib/thumb2\libc.a(lib_a-vfiprintf.o)
                              c:/program files/codesourcery/sourcery g++ lite/bin/../lib/gcc/arm-none-eabi/4.4.1/../../../../arm-none-eabi/lib/thumb2\libc.a(lib_a-fiprintf.o) (_vfiprintf_r)
c:/program files/codesourcery/sourcery g++ lite/bin/../lib/gcc/arm-none-eabi/4.4.1/../../../../arm-none-eabi/lib/thumb2\libc.a(lib_a-vfprintf.o)
                              c:/program files/codesourcery/sourcery g++ lite/bin/../lib/gcc/arm-none-eabi/4.4.1/../../../../arm-none-eabi/lib/thumb2\libc.a(lib_a-printf.o) (_vfprintf_r)
c:/program files/codesourcery/sourcery g++ lite/bin/../lib/gcc/arm-none-eabi/4.4.1/../../../../arm-none-eabi/lib/thumb2\libc.a(lib_a-wsetup.o)
                              c:/program files/codesourcery/sourcery g++ lite/bin/../lib/gcc/arm-none-eabi/4.4.1/../../../../arm-none-eabi/lib/thumb2\libc.a(lib_a-vfiprintf.o) (__swsetup_r)
c:/program files/codesourcery/sourcery g++ lite/bin/../lib/gcc/arm-none-eabi/4.4.1/../../../../arm-none-eabi/lib/thumb2\libc.a(lib_a-abort.o)
                              c:/program files/codesourcery/sourcery g++ lite/bin/../lib/gcc/arm-none-eabi/4.4.1/../../../../arm-none-eabi/lib/thumb2\libc.a(lib_a-assert.o) (abort)
c:/program files/codesourcery/sourcery g++ lite/bin/../lib/gcc/arm-none-eabi/4.4.1/../../../../arm-none-eabi/lib/thumb2\libc.a(lib_a-dtoa.o)
                              c:/program files/codesourcery/sourcery g++ lite/bin/../lib/gcc/arm-none-eabi/4.4.1/../../../../arm-none-eabi/lib/thumb2\libc.a(lib_a-vfprintf.o) (_dtoa_r)
c:/program files/codesourcery/sourcery g++ lite/bin/../lib/gcc/arm-none-eabi/4.4.1/../../../../arm-none-eabi/lib/thumb2\libc.a(lib_a-fflush.o)
                              c:/program files/codesourcery/sourcery g++ lite/bin/../lib/gcc/arm-none-eabi/4.4.1/../../../../arm-none-eabi/lib/thumb2\libc.a(lib_a-vfiprintf.o) (_fflush_r)
c:/program files/codesourcery/sourcery g++ lite/bin/../lib/gcc/arm-none-eabi/4.4.1/../../../../arm-none-eabi/lib/thumb2\libc.a(lib_a-findfp.o)
[...]
Memory Configuration

Name             Origin             Length             Attributes
FLASH            0x00000000         0x00040000         xr
SRAM             0x20000000         0x00010000         xrw
*default*        0x00000000         0xffffffff

Linker script and memory map

LOAD Debug/main.o
LOAD Debug/stm32f10x_it.o
LOAD Debug/stf_syscalls_minimal.o
LOAD Debug/ledTask.o
LOAD Debug/stm3210c_eval_lcd.o
LOAD Debug/drvTask.o
LOAD Debug/debugging.o
LOAD Debug/LedHandler.o
LOAD Debug/PushButton.o
LOAD Debug/core_cm3.o
LOAD Debug/system_stm32f10x.o
LOAD Debug/misc.o
LOAD Debug/stm32f10x_rcc.o
LOAD Debug/stm32f10x_flash.o
LOAD Debug/stm32f10x_gpio.o
LOAD Debug/stm32f10x_tim.o
LOAD Debug/stm32f10x_spi.o
LOAD Debug/stm32_eth.o
LOAD Debug/list.o
LOAD Debug/queue.o
LOAD Debug/tasks.o
LOAD Debug/port.o
LOAD Debug/heap_2.o
LOAD Debug/amiarm.o
LOAD Debug/EplApiGeneric.o
LOAD Debug/EplApiProcessImage.o
LOAD Debug/EplDllk.o
LOAD Debug/EplDllkCal.o
LOAD Debug/EplDlluCal.o
LOAD Debug/EplErrorHandlerk.o
LOAD Debug/EplEventk.o
LOAD Debug/EplEventu.o
LOAD Debug/EplIdentu.o
LOAD Debug/EplLedu.o
LOAD Debug/EplNmtCnu.o
LOAD Debug/EplNmtk.o
LOAD Debug/EplNmtkCal.o
LOAD Debug/EplNmtMnu.o
LOAD Debug/EplNmtu.o
LOAD Debug/EplNmtuCal.o
LOAD Debug/EplObd.o
LOAD Debug/EplObdkCal.o
LOAD Debug/EplObdu.o
LOAD Debug/EplObduCal.o
LOAD Debug/EplPdok.o
LOAD Debug/EplPdokCal.o
LOAD Debug/EplPdouCal.o
LOAD Debug/EplPdou.o
LOAD Debug/EplSdoAsndu.o
LOAD Debug/EplSdoAsySequ.o
LOAD Debug/EplSdoComu.o
LOAD Debug/EplSdoUdpu.o
LOAD Debug/EplStatusu.o
LOAD Debug/EplTimeruGeneric.o
LOAD Debug/EplApiFreeRTOS.o
LOAD Debug/Objdict.o
LOAD Debug/EdrvF107.o
LOAD Debug/STM32Timer.o
LOAD Debug/startup_stm32f10x.o
START GROUP
LOAD c:/program files/codesourcery/sourcery g++ lite/bin/../lib/gcc/arm-none-eabi/4.4.1/thumb2\libgcc.a
LOAD c:/program files/codesourcery/sourcery g++ lite/bin/../lib/gcc/arm-none-eabi/4.4.1/../../../../arm-none-eabi/lib/thumb2\libc.a
END GROUP

.text           0x00000000    0x2a218
 *(.isr_vector)
 .isr_vector    0x00000000      0x1e0 Debug/startup_stm32f10x.o
                0x00000000                g_pfnVectors
 *(.text .text.* .gnu.linkonce.t.*)
 .text          0x000001e0        0x0 Debug/main.o
 .text.__enable_irq
                0x000001e0        0xc Debug/main.o
 .text.__disable_irq
                0x000001ec        0xc Debug/main.o
 .text.__enable_fault_irq
                0x000001f8        0xc Debug/main.o
 .text.__disable_fault_irq
                0x00000204        0xc Debug/main.o
 .text.__NOP    0x00000210        0xc Debug/main.o
 .text.__WFI    0x0000021c        0xc Debug/main.o
 .text.__WFE    0x00000228        0xc Debug/main.o
 .text.__SEV    0x00000234        0xc Debug/main.o
 .text.__ISB    0x00000240       0x10 Debug/main.o
 .text.__DSB    0x00000250       0x10 Debug/main.o
 .text.__DMB    0x00000260       0x10 Debug/main.o
 .text.__CLREX  0x00000270       0x10 Debug/main.o
 .text.NVIC_SetPriorityGrouping
                0x00000280       0x58 Debug/main.o
 .text.NVIC_GetPriorityGrouping
                0x000002d8       0x20 Debug/main.o
 .text.NVIC_EnableIRQ
                0x000002f8       0x38 Debug/main.o
 .text.NVIC_DisableIRQ
                0x00000330       0x3c Debug/main.o
 .text.NVIC_GetPendingIRQ
                0x0000036c       0x48 Debug/main.o
 .text.NVIC_SetPendingIRQ
                0x000003b4       0x3c Debug/main.o
 .text.NVIC_ClearPendingIRQ
                0x000003f0       0x3c Debug/main.o
 .text.NVIC_GetActive
                0x0000042c       0x48 Debug/main.o
 .text.NVIC_SetPriority
                0x00000474       0x5c Debug/main.o
 .text.NVIC_GetPriority
                0x000004d0       0x58 Debug/main.o
 .text.NVIC_EncodePriority
                0x00000528       0x7c Debug/main.o
 .text.NVIC_DecodePriority
                0x000005a4       0x80 Debug/main.o
 .text.SysTick_Config
                0x00000624       0x64 Debug/main.o
 .text.NVIC_SystemReset
                0x00000688       0x30 Debug/main.o
 .text.ITM_SendChar
                0x000006b8       0x6c Debug/main.o
 .text.main     0x00000724       0x8c Debug/main.o
                0x00000724                main
 .text.prvSetupHardware
                0x000007b0       0x44 Debug/main.o
 .text.ledFunction
                0x000007f4       0x14 Debug/main.o
                0x000007f4                ledFunction
 .text.putChar  0x00000808       0x18 Debug/main.o
                0x00000808                putChar
 .text.vApplicationTickHook
                0x00000820        0xc Debug/main.o
                0x00000820                vApplicationTickHook
 .text.vApplicationStackOverflowHook
                0x0000082c        0xc Debug/main.o
                0x0000082c                vApplicationStackOverflowHook
 .text          0x00000838        0x0 Debug/stm32f10x_it.o
 .text.__enable_irq
                0x00000838        0xc Debug/stm32f10x_it.o
 .text.__disable_irq
                0x00000844        0xc Debug/stm32f10x_it.o
 .text.__enable_fault_irq
                0x00000850        0xc Debug/stm32f10x_it.o
 .text.__disable_fault_irq
                0x0000085c        0xc Debug/stm32f10x_it.o
 .text.__NOP    0x00000868        0xc Debug/stm32f10x_it.o
 .text.__WFI    0x00000874        0xc Debug/stm32f10x_it.o
 .text.__WFE    0x00000880        0xc Debug/stm32f10x_it.o
 .text.__SEV    0x0000088c        0xc Debug/stm32f10x_it.o
 .text.__ISB    0x00000898       0x10 Debug/stm32f10x_it.o
 .text.__DSB    0x000008a8       0x10 Debug/stm32f10x_it.o
 .text.__DMB    0x000008b8       0x10 Debug/stm32f10x_it.o
 .text.__CLREX  0x000008c8       0x10 Debug/stm32f10x_it.o
 .text.NVIC_SetPriorityGrouping
                0x000008d8       0x58 Debug/stm32f10x_it.o
 .text.NVIC_GetPriorityGrouping
                0x00000930       0x20 Debug/stm32f10x_it.o
 .text.NVIC_EnableIRQ
                0x00000950       0x38 Debug/stm32f10x_it.o
 .text.NVIC_DisableIRQ
                0x00000988       0x3c Debug/stm32f10x_it.o
 .text.NVIC_GetPendingIRQ
                0x000009c4       0x48 Debug/stm32f10x_it.o
 .text.NVIC_SetPendingIRQ
                0x00000a0c       0x3c Debug/stm32f10x_it.o
 .text.NVIC_ClearPendingIRQ
                0x00000a48       0x3c Debug/stm32f10x_it.o
 .text.NVIC_GetActive
                0x00000a84       0x48 Debug/stm32f10x_it.o
 .text.NVIC_SetPriority
                0x00000acc       0x5c Debug/stm32f10x_it.o
 .text.NVIC_GetPriority
                0x00000b28       0x58 Debug/stm32f10x_it.o
 .text.NVIC_EncodePriority
                0x00000b80       0x7c Debug/stm32f10x_it.o
 .text.NVIC_DecodePriority
                0x00000bfc       0x80 Debug/stm32f10x_it.o
 .text.SysTick_Config
                0x00000c7c       0x64 Debug/stm32f10x_it.o
 .text.NVIC_SystemReset
                0x00000ce0       0x30 Debug/stm32f10x_it.o
 .text.ITM_SendChar
                0x00000d10       0x6c Debug/stm32f10x_it.o
 .text.NMI_Handler
                0x00000d7c        0xc Debug/stm32f10x_it.o
                0x00000d7c                NMI_Handler
 .text.HardFault_Handler
                0x00000d88        0x8 Debug/stm32f10x_it.o
                0x00000d88                HardFault_Handler
 .text.MemManage_Handler
                0x00000d90        0x8 Debug/stm32f10x_it.o
                0x00000d90                MemManage_Handler
 .text.BusFault_Handler
                0x00000d98        0x8 Debug/stm32f10x_it.o
                0x00000d98                BusFault_Handler
 .text.UsageFault_Handler
                0x00000da0        0x8 Debug/stm32f10x_it.o
                0x00000da0                UsageFault_Handler
 .text.DebugMon_Handler
                0x00000da8        0xc Debug/stm32f10x_it.o
                0x00000da8                DebugMon_Handler
 .text          0x00000db4        0x0 Debug/stf_syscalls_minimal.o
 .text._exit    0x00000db4       0x18 Debug/stf_syscalls_minimal.o
                0x00000db4                _exit
 .text._write   0x00000dcc       0x3c Debug/stf_syscalls_minimal.o
                0x00000dcc                _write
 .text._close   0x00000e08       0x18 Debug/stf_syscalls_minimal.o
                0x00000e08                _close
 .text._fstat   0x00000e20       0x24 Debug/stf_syscalls_minimal.o
                0x00000e20                _fstat
 .text._isatty  0x00000e44       0x18 Debug/stf_syscalls_minimal.o
                0x00000e44                _isatty
 .text._lseek   0x00000e5c       0x1c Debug/stf_syscalls_minimal.o
                0x00000e5c                _lseek
 .text._read    0x00000e78       0x1c Debug/stf_syscalls_minimal.o
                0x00000e78                _read
 .text._sbrk    0x00000e94       0x88 Debug/stf_syscalls_minimal.o
                0x00000e94                _sbrk
 .text._open    0x00000f1c       0x1c Debug/stf_syscalls_minimal.o
                0x00000f1c                _open
 .text._link    0x00000f38       0x28 Debug/stf_syscalls_minimal.o
                0x00000f38                _link
 .text._unlink  0x00000f60       0x28 Debug/stf_syscalls_minimal.o
                0x00000f60                _unlink
 .text._stat    0x00000f88       0x24 Debug/stf_syscalls_minimal.o
                0x00000f88                _stat
 .text._execve  0x00000fac       0x2c Debug/stf_syscalls_minimal.o
                0x00000fac                _execve
 .text._fork    0x00000fd8       0x20 Debug/stf_syscalls_minimal.o
                0x00000fd8                _fork
 .text._getpid  0x00000ff8       0x10 Debug/stf_syscalls_minimal.o
                0x00000ff8                _getpid
 .text._kill    0x00001008       0x28 Debug/stf_syscalls_minimal.o
                0x00001008                _kill
 .text.times    0x00001030       0x18 Debug/stf_syscalls_minimal.o
                0x00001030                times
 .text._wait    0x00001048       0x28 Debug/stf_syscalls_minimal.o
                0x00001048                _wait
 .text          0x00001070        0x0 Debug/ledTask.o
 .text.__enable_irq
                0x00001070        0xc Debug/ledTask.o
 .text.__disable_irq
                0x0000107c        0xc Debug/ledTask.o
 .text.__enable_fault_irq
                0x00001088        0xc Debug/ledTask.o
 .text.__disable_fault_irq
                0x00001094        0xc Debug/ledTask.o
 .text.__NOP    0x000010a0        0xc Debug/ledTask.o
 .text.__WFI    0x000010ac        0xc Debug/ledTask.o
 .text.__WFE    0x000010b8        0xc Debug/ledTask.o
 .text.__SEV    0x000010c4        0xc Debug/ledTask.o
 .text.__ISB    0x000010d0       0x10 Debug/ledTask.o
 .text.__DSB    0x000010e0       0x10 Debug/ledTask.o
 .text.__DMB    0x000010f0       0x10 Debug/ledTask.o
 .text.__CLREX  0x00001100       0x10 Debug/ledTask.o
 .text.NVIC_SetPriorityGrouping
                0x00001110       0x58 Debug/ledTask.o
 .text.NVIC_GetPriorityGrouping
                0x00001168       0x20 Debug/ledTask.o
 .text.NVIC_EnableIRQ
                0x00001188       0x38 Debug/ledTask.o
 .text.NVIC_DisableIRQ
                0x000011c0       0x3c Debug/ledTask.o
 .text.NVIC_GetPendingIRQ
                0x000011fc       0x48 Debug/ledTask.o
 .text.NVIC_SetPendingIRQ
                0x00001244       0x3c Debug/ledTask.o
 .text.NVIC_ClearPendingIRQ
                0x00001280       0x3c Debug/ledTask.o
 .text.NVIC_GetActive
                0x000012bc       0x48 Debug/ledTask.o
 .text.NVIC_SetPriority
                0x00001304       0x5c Debug/ledTask.o
 .text.NVIC_GetPriority
                0x00001360       0x58 Debug/ledTask.o
 .text.NVIC_EncodePriority
                0x000013b8       0x7c Debug/ledTask.o
 .text.NVIC_DecodePriority
                0x00001434       0x80 Debug/ledTask.o
 .text.SysTick_Config
                0x000014b4       0x64 Debug/ledTask.o
 .text.NVIC_SystemReset
                0x00001518       0x30 Debug/ledTask.o
 .text.ITM_SendChar
                0x00001548       0x6c Debug/ledTask.o
 .text.ledInitTask
                0x000015b4       0xe4 Debug/ledTask.o
                0x000015b4                ledInitTask
 .text.ledStartTask
                0x00001698       0x9c Debug/ledTask.o
                0x00001698                ledStartTask
 .text.ledTaskFunc
                0x00001734       0x5c Debug/ledTask.o
 .text.ledToggle
                0x00001790        0xc Debug/ledTask.o
 .text.ledFindFactors
                0x0000179c      0x108 Debug/ledTask.o
 .text          0x000018a4        0x0 Debug/stm3210c_eval_lcd.o
 .text.__enable_irq
                0x000018a4        0xc Debug/stm3210c_eval_lcd.o
 .text.__disable_irq
                0x000018b0        0xc Debug/stm3210c_eval_lcd.o
 .text.__enable_fault_irq
                0x000018bc        0xc Debug/stm3210c_eval_lcd.o
 .text.__disable_fault_irq
                0x000018c8        0xc Debug/stm3210c_eval_lcd.o
 .text.__NOP    0x000018d4        0xc Debug/stm3210c_eval_lcd.o
 .text.__WFI    0x000018e0        0xc Debug/stm3210c_eval_lcd.o
 .text.__WFE    0x000018ec        0xc Debug/stm3210c_eval_lcd.o
 .text.__SEV    0x000018f8        0xc Debug/stm3210c_eval_lcd.o
 .text.__ISB    0x00001904       0x10 Debug/stm3210c_eval_lcd.o
 .text.__DSB    0x00001914       0x10 Debug/stm3210c_eval_lcd.o
 .text.__DMB    0x00001924       0x10 Debug/stm3210c_eval_lcd.o
 .text.__CLREX  0x00001934       0x10 Debug/stm3210c_eval_lcd.o
 .text.NVIC_SetPriorityGrouping
                0x00001944       0x58 Debug/stm3210c_eval_lcd.o
 .text.NVIC_GetPriorityGrouping
                0x0000199c       0x20 Debug/stm3210c_eval_lcd.o
 .text.NVIC_EnableIRQ
                0x000019bc       0x38 Debug/stm3210c_eval_lcd.o
 .text.NVIC_DisableIRQ
                0x000019f4       0x3c Debug/stm3210c_eval_lcd.o
 .text.NVIC_GetPendingIRQ
                0x00001a30       0x48 Debug/stm3210c_eval_lcd.o
 .text.NVIC_SetPendingIRQ
                0x00001a78       0x3c Debug/stm3210c_eval_lcd.o
 .text.NVIC_ClearPendingIRQ
                0x00001ab4       0x3c Debug/stm3210c_eval_lcd.o
 .text.NVIC_GetActive
                0x00001af0       0x48 Debug/stm3210c_eval_lcd.o
 .text.NVIC_SetPriority
                0x00001b38       0x5c Debug/stm3210c_eval_lcd.o
 .text.NVIC_GetPriority
                0x00001b94       0x58 Debug/stm3210c_eval_lcd.o
 .text.NVIC_EncodePriority
                0x00001bec       0x7c Debug/stm3210c_eval_lcd.o
 .text.NVIC_DecodePriority
                0x00001c68       0x80 Debug/stm3210c_eval_lcd.o
 .text.SysTick_Config
                0x00001ce8       0x64 Debug/stm3210c_eval_lcd.o
 .text.NVIC_SystemReset
                0x00001d4c       0x30 Debug/stm3210c_eval_lcd.o
 .text.ITM_SendChar
                0x00001d7c       0x6c Debug/stm3210c_eval_lcd.o
 .text.LCD_Setup
                0x00001de8      0x2c0 Debug/stm3210c_eval_lcd.o
                0x00001de8                LCD_Setup
 .text.STM3210C_LCD_Init
                0x000020a8        0xc Debug/stm3210c_eval_lcd.o
                0x000020a8                STM3210C_LCD_Init
 .text.LCD_SetTextColor
                0x000020b4       0x24 Debug/stm3210c_eval_lcd.o
                0x000020b4                LCD_SetTextColor
 .text.LCD_SetBackColor
                0x000020d8       0x24 Debug/stm3210c_eval_lcd.o
                0x000020d8                LCD_SetBackColor
 .text.LCD_ClearLine
                0x000020fc       0x24 Debug/stm3210c_eval_lcd.o
                0x000020fc                LCD_ClearLine
 .text.LCD_Clear
                0x00002120       0x64 Debug/stm3210c_eval_lcd.o
                0x00002120                LCD_Clear
 .text.LCD_SetCursor
                0x00002184       0x30 Debug/stm3210c_eval_lcd.o
                0x00002184                LCD_SetCursor
 .text.LCD_DrawChar
                0x000021b4       0xd4 Debug/stm3210c_eval_lcd.o
                0x000021b4                LCD_DrawChar
 .text.LCD_DisplayChar
                0x00002288       0x4c Debug/stm3210c_eval_lcd.o
                0x00002288                LCD_DisplayChar
 .text.LCD_DisplayStringLine
                0x000022d4       0x70 Debug/stm3210c_eval_lcd.o
                0x000022d4                LCD_DisplayStringLine
 .text.LCD_SetDisplayWindow
                0x00002344       0x9c Debug/stm3210c_eval_lcd.o
                0x00002344                LCD_SetDisplayWindow
 .text.LCD_WindowModeDisable
                0x000023e0       0x28 Debug/stm3210c_eval_lcd.o
                0x000023e0                LCD_WindowModeDisable
 .text.LCD_DrawLine
                0x00002408       0xb0 Debug/stm3210c_eval_lcd.o
                0x00002408                LCD_DrawLine
 .text.LCD_DrawRect
                0x000024b8       0x7c Debug/stm3210c_eval_lcd.o
                0x000024b8                LCD_DrawRect
 .text.LCD_DrawCircle
                0x00002534      0x1fc Debug/stm3210c_eval_lcd.o
                0x00002534                LCD_DrawCircle
 .text.LCD_DrawMonoPict
                0x00002730       0xb4 Debug/stm3210c_eval_lcd.o
                0x00002730                LCD_DrawMonoPict
 .text.LCD_nCS_StartByte
                0x000027e4       0x4c Debug/stm3210c_eval_lcd.o
                0x000027e4                LCD_nCS_StartByte
 .text.LCD_WriteRegIndex
                0x00002830       0x7c Debug/stm3210c_eval_lcd.o
                0x00002830                LCD_WriteRegIndex
 .text.LCD_ReadReg
                0x000028ac      0x1b8 Debug/stm3210c_eval_lcd.o
                0x000028ac                LCD_ReadReg
 .text.LCD_WriteRAM_Prepare
                0x00002a64       0x18 Debug/stm3210c_eval_lcd.o
                0x00002a64                LCD_WriteRAM_Prepare
 .text.LCD_WriteRAMWord
                0x00002a7c       0x34 Debug/stm3210c_eval_lcd.o
                0x00002a7c                LCD_WriteRAMWord
 .text.LCD_WriteReg
                0x00002ab0       0x90 Debug/stm3210c_eval_lcd.o
                0x00002ab0                LCD_WriteReg
 .text.LCD_WriteRAM
                0x00002b40       0x68 Debug/stm3210c_eval_lcd.o
                0x00002b40                LCD_WriteRAM
 .text.LCD_PowerOn
                0x00002ba8       0xa0 Debug/stm3210c_eval_lcd.o
                0x00002ba8                LCD_PowerOn
 .text.LCD_DisplayOn
                0x00002c48       0x14 Debug/stm3210c_eval_lcd.o
                0x00002c48                LCD_DisplayOn
 .text.LCD_DisplayOff
                0x00002c5c       0x14 Debug/stm3210c_eval_lcd.o
                0x00002c5c                LCD_DisplayOff
 .text.LCD_CtrlLinesConfig
                0x00002c70       0x40 Debug/stm3210c_eval_lcd.o
                0x00002c70                LCD_CtrlLinesConfig
 .text.LCD_CtrlLinesWrite
                0x00002cb0       0x28 Debug/stm3210c_eval_lcd.o
                0x00002cb0                LCD_CtrlLinesWrite
 .text.LCD_SPIConfig
                0x00002cd8       0xb8 Debug/stm3210c_eval_lcd.o
                0x00002cd8                LCD_SPIConfig
 .text          0x00002d90        0x0 Debug/drvTask.o
 .text.__enable_irq
                0x00002d90        0xc Debug/drvTask.o
 .text.__disable_irq
                0x00002d9c        0xc Debug/drvTask.o
 .text.__enable_fault_irq
                0x00002da8        0xc Debug/drvTask.o
 .text.__disable_fault_irq
                0x00002db4        0xc Debug/drvTask.o
 .text.__NOP    0x00002dc0        0xc Debug/drvTask.o
 .text.__WFI    0x00002dcc        0xc Debug/drvTask.o
 .text.__WFE    0x00002dd8        0xc Debug/drvTask.o
 .text.__SEV    0x00002de4        0xc Debug/drvTask.o
 .text.__ISB    0x00002df0       0x10 Debug/drvTask.o
 .text.__DSB    0x00002e00       0x10 Debug/drvTask.o
 .text.__DMB    0x00002e10       0x10 Debug/drvTask.o
 .text.__CLREX  0x00002e20       0x10 Debug/drvTask.o
 .text.NVIC_SetPriorityGrouping
                0x00002e30       0x58 Debug/drvTask.o
 .text.NVIC_GetPriorityGrouping
                0x00002e88       0x20 Debug/drvTask.o
 .text.NVIC_EnableIRQ
                0x00002ea8       0x38 Debug/drvTask.o
 .text.NVIC_DisableIRQ
                0x00002ee0       0x3c Debug/drvTask.o
 .text.NVIC_GetPendingIRQ
                0x00002f1c       0x48 Debug/drvTask.o
 .text.NVIC_SetPendingIRQ
                0x00002f64       0x3c Debug/drvTask.o
 .text.NVIC_ClearPendingIRQ
                0x00002fa0       0x3c Debug/drvTask.o
 .text.NVIC_GetActive
                0x00002fdc       0x48 Debug/drvTask.o
 .text.NVIC_SetPriority
                0x00003024       0x5c Debug/drvTask.o
 .text.NVIC_GetPriority
                0x00003080       0x58 Debug/drvTask.o
 .text.NVIC_EncodePriority
                0x000030d8       0x7c Debug/drvTask.o
 .text.NVIC_DecodePriority
                0x00003154       0x80 Debug/drvTask.o
 .text.SysTick_Config
                0x000031d4       0x64 Debug/drvTask.o
 .text.NVIC_SystemReset
                0x00003238       0x30 Debug/drvTask.o
 .text.ITM_SendChar
                0x00003268       0x6c Debug/drvTask.o
 .text.EPL_OBD_INIT_RAM_NAME
                0x000032d4       0x54 Debug/drvTask.o
                0x000032d4                EPL_OBD_INIT_RAM_NAME
 .text.AppCbEvent
                0x00003328      0x294 Debug/drvTask.o
                0x00003328                AppCbEvent
 .text.AppCbSync
                0x000035bc       0x8c Debug/drvTask.o
                0x000035bc                AppCbSync
 .text.variablesMapping
                0x00003648       0xc4 Debug/drvTask.o
                0x00003648                variablesMapping
 .text.drvInitTask
                0x0000370c      0x268 Debug/drvTask.o
                0x0000370c                drvInitTask
 .text.drvStartTask
                0x00003974       0x4c Debug/drvTask.o
                0x00003974                drvStartTask
 .text.MyCallback
                0x000039c0       0x14 Debug/drvTask.o
                0x000039c0                MyCallback
 .text.MyCallback2
                0x000039d4       0x14 Debug/drvTask.o
                0x000039d4                MyCallback2
 .text.drvTaskFunc
                0x000039e8       0x9c Debug/drvTask.o
                0x000039e8                drvTaskFunc
 .text.ledToggle
                0x00003a84       0x48 Debug/drvTask.o
                0x00003a84                ledToggle
 .text.ledToggleFromISR
                0x00003acc       0x48 Debug/drvTask.o
                0x00003acc                ledToggleFromISR
 .text.ledToggle3FromISR
                0x00003b14       0x48 Debug/drvTask.o
                0x00003b14                ledToggle3FromISR
 .text.ledToggle2
                0x00003b5c       0x50 Debug/drvTask.o
                0x00003b5c                ledToggle2
 .text.ledToggle3
                0x00003bac       0x50 Debug/drvTask.o
                0x00003bac                ledToggle3
 .text.frame_received_handler
                0x00003bfc       0x18 Debug/drvTask.o
                0x00003bfc                frame_received_handler
 .text.frame_transmitted_handler
                0x00003c14       0x30 Debug/drvTask.o
                0x00003c14                frame_transmitted_handler
 .text.timer1_handler
                0x00003c44       0x68 Debug/drvTask.o
                0x00003c44                timer1_handler
 .text.timer2_handler
                0x00003cac       0x6c Debug/drvTask.o
                0x00003cac                timer2_handler
 .text.processCommand
                0x00003d18      0x124 Debug/drvTask.o
                0x00003d18                processCommand
 .text.TaskLocalObjectReader
                0x00003e3c       0x68 Debug/drvTask.o
                0x00003e3c                TaskLocalObjectReader
 .text          0x00003ea4        0x0 Debug/debugging.o
 .text.strrev   0x00003ea4       0x8c Debug/debugging.o
                0x00003ea4                strrev
 .text.itochar  0x00003f30       0x70 Debug/debugging.o
                0x00003f30                itochar
 .text          0x00003fa0        0x0 Debug/LedHandler.o
 .text.__enable_irq
                0x00003fa0        0xc Debug/LedHandler.o
 .text.__disable_irq
                0x00003fac        0xc Debug/LedHandler.o
 .text.__enable_fault_irq
                0x00003fb8        0xc Debug/LedHandler.o
 .text.__disable_fault_irq
                0x00003fc4        0xc Debug/LedHandler.o
 .text.__NOP    0x00003fd0        0xc Debug/LedHandler.o
 .text.__WFI    0x00003fdc        0xc Debug/LedHandler.o
 .text.__WFE    0x00003fe8        0xc Debug/LedHandler.o
 .text.__SEV    0x00003ff4        0xc Debug/LedHandler.o
 .text.__ISB    0x00004000       0x10 Debug/LedHandler.o
 .text.__DSB    0x00004010       0x10 Debug/LedHandler.o
 .text.__DMB    0x00004020       0x10 Debug/LedHandler.o
 .text.__CLREX  0x00004030       0x10 Debug/LedHandler.o
 .text.NVIC_SetPriorityGrouping
                0x00004040       0x58 Debug/LedHandler.o
 .text.NVIC_GetPriorityGrouping
                0x00004098       0x20 Debug/LedHandler.o
 .text.NVIC_EnableIRQ
                0x000040b8       0x38 Debug/LedHandler.o
 .text.NVIC_DisableIRQ
                0x000040f0       0x3c Debug/LedHandler.o
 .text.NVIC_GetPendingIRQ
                0x0000412c       0x48 Debug/LedHandler.o
 .text.NVIC_SetPendingIRQ
                0x00004174       0x3c Debug/LedHandler.o
 .text.NVIC_ClearPendingIRQ
                0x000041b0       0x3c Debug/LedHandler.o
 .text.NVIC_GetActive
                0x000041ec       0x48 Debug/LedHandler.o
 .text.NVIC_SetPriority
                0x00004234       0x5c Debug/LedHandler.o
 .text.NVIC_GetPriority
                0x00004290       0x58 Debug/LedHandler.o
 .text.NVIC_EncodePriority
                0x000042e8       0x7c Debug/LedHandler.o
 .text.NVIC_DecodePriority
                0x00004364       0x80 Debug/LedHandler.o
 .text.SysTick_Config
                0x000043e4       0x64 Debug/LedHandler.o
 .text.NVIC_SystemReset
                0x00004448       0x30 Debug/LedHandler.o
 .text.ITM_SendChar
                0x00004478       0x6c Debug/LedHandler.o
 .text.vLedHandlerInitialise
                0x000044e4       0xd8 Debug/LedHandler.o
                0x000044e4                vLedHandlerInitialise
 .text.vLedHandlerSetLED
                0x000045bc       0x7c Debug/LedHandler.o
                0x000045bc                vLedHandlerSetLED
 .text.vLedHandlerSetLEDFromISR
                0x00004638       0x74 Debug/LedHandler.o
                0x00004638                vLedHandlerSetLEDFromISR
 .text.xGetLEDState
                0x000046ac       0x2c Debug/LedHandler.o
                0x000046ac                xGetLEDState
 .text          0x000046d8        0x0 Debug/PushButton.o
 .text.__enable_irq
                0x000046d8        0xc Debug/PushButton.o
 .text.__disable_irq
                0x000046e4        0xc Debug/PushButton.o
 .text.__enable_fault_irq
                0x000046f0        0xc Debug/PushButton.o
 .text.__disable_fault_irq
                0x000046fc        0xc Debug/PushButton.o
 .text.__NOP    0x00004708        0xc Debug/PushButton.o
 .text.__WFI    0x00004714        0xc Debug/PushButton.o
 .text.__WFE    0x00004720        0xc Debug/PushButton.o
 .text.__SEV    0x0000472c        0xc Debug/PushButton.o
 .text.__ISB    0x00004738       0x10 Debug/PushButton.o
 .text.__DSB    0x00004748       0x10 Debug/PushButton.o
 .text.__DMB    0x00004758       0x10 Debug/PushButton.o
 .text.__CLREX  0x00004768       0x10 Debug/PushButton.o
 .text.NVIC_SetPriorityGrouping
                0x00004778       0x58 Debug/PushButton.o
 .text.NVIC_GetPriorityGrouping
                0x000047d0       0x20 Debug/PushButton.o
 .text.NVIC_EnableIRQ
                0x000047f0       0x38 Debug/PushButton.o
 .text.NVIC_DisableIRQ
                0x00004828       0x3c Debug/PushButton.o
 .text.NVIC_GetPendingIRQ
                0x00004864       0x48 Debug/PushButton.o
 .text.NVIC_SetPendingIRQ
                0x000048ac       0x3c Debug/PushButton.o
 .text.NVIC_ClearPendingIRQ
                0x000048e8       0x3c Debug/PushButton.o
 .text.NVIC_GetActive
                0x00004924       0x48 Debug/PushButton.o
 .text.NVIC_SetPriority
                0x0000496c       0x5c Debug/PushButton.o
 .text.NVIC_GetPriority
                0x000049c8       0x58 Debug/PushButton.o
 .text.NVIC_EncodePriority
                0x00004a20       0x7c Debug/PushButton.o
 .text.NVIC_DecodePriority
                0x00004a9c       0x80 Debug/PushButton.o
 .text.SysTick_Config
                0x00004b1c       0x64 Debug/PushButton.o
 .text.NVIC_SystemReset
                0x00004b80       0x30 Debug/PushButton.o
 .text.ITM_SendChar
                0x00004bb0       0x6c Debug/PushButton.o
 .text.PushButtonInit
                0x00004c1c       0x60 Debug/PushButton.o
                0x00004c1c                PushButtonInit
 .text.PushButtonGetState
                0x00004c7c       0x3c Debug/PushButton.o
                0x00004c7c                PushButtonGetState
 .text          0x00004cb8        0x0 Debug/core_cm3.o
 .text.__get_PSP
                0x00004cb8       0x10 Debug/core_cm3.o
                0x00004cb8                __get_PSP
 .text.__set_PSP
                0x00004cc8        0x8 Debug/core_cm3.o
                0x00004cc8                __set_PSP
 .text.__get_MSP
                0x00004cd0       0x10 Debug/core_cm3.o
                0x00004cd0                __get_MSP
 .text.__set_MSP
                0x00004ce0        0x8 Debug/core_cm3.o
                0x00004ce0                __set_MSP
 .text.__get_BASEPRI
                0x00004ce8       0x20 Debug/core_cm3.o
                0x00004ce8                __get_BASEPRI
 .text.__set_BASEPRI
                0x00004d08       0x18 Debug/core_cm3.o
                0x00004d08                __set_BASEPRI
 .text.__get_PRIMASK
                0x00004d20       0x20 Debug/core_cm3.o
                0x00004d20                __get_PRIMASK
 .text.__set_PRIMASK
                0x00004d40       0x18 Debug/core_cm3.o
                0x00004d40                __set_PRIMASK
 .text.__get_FAULTMASK
                0x00004d58       0x20 Debug/core_cm3.o
                0x00004d58                __get_FAULTMASK
 .text.__set_FAULTMASK
                0x00004d78       0x18 Debug/core_cm3.o
                0x00004d78                __set_FAULTMASK
 .text.__REV    0x00004d90       0x24 Debug/core_cm3.o
                0x00004d90                __REV
 .text.__REV16  0x00004db4       0x24 Debug/core_cm3.o
                0x00004db4                __REV16
 .text.__REVSH  0x00004dd8       0x24 Debug/core_cm3.o
                0x00004dd8                __REVSH
 .text.__RBIT   0x00004dfc       0x24 Debug/core_cm3.o
                0x00004dfc                __RBIT
 .text.__LDREXB
                0x00004e20       0x24 Debug/core_cm3.o
                0x00004e20                __LDREXB
 .text.__LDREXH
                0x00004e44       0x24 Debug/core_cm3.o
                0x00004e44                __LDREXH
 .text.__LDREXW
                0x00004e68       0x24 Debug/core_cm3.o
                0x00004e68                __LDREXW
 .text.__STREXB
                0x00004e8c       0x2c Debug/core_cm3.o
                0x00004e8c                __STREXB
 .text.__STREXH
                0x00004eb8       0x2c Debug/core_cm3.o
                0x00004eb8                __STREXH
 .text.__STREXW
                0x00004ee4       0x28 Debug/core_cm3.o
                0x00004ee4                __STREXW
 .text.__get_CONTROL
                0x00004f0c       0x20 Debug/core_cm3.o
                0x00004f0c                __get_CONTROL
 .text.__set_CONTROL
                0x00004f2c       0x18 Debug/core_cm3.o
                0x00004f2c                __set_CONTROL
 .text          0x00004f44        0x0 Debug/system_stm32f10x.o
 .text.__enable_irq
                0x00004f44        0xc Debug/system_stm32f10x.o
 .text.__disable_irq
                0x00004f50        0xc Debug/system_stm32f10x.o
 .text.__enable_fault_irq
                0x00004f5c        0xc Debug/system_stm32f10x.o
 .text.__disable_fault_irq
                0x00004f68        0xc Debug/system_stm32f10x.o
 .text.__NOP    0x00004f74        0xc Debug/system_stm32f10x.o
 .text.__WFI    0x00004f80        0xc Debug/system_stm32f10x.o
 .text.__WFE    0x00004f8c        0xc Debug/system_stm32f10x.o
 .text.__SEV    0x00004f98        0xc Debug/system_stm32f10x.o
 .text.__ISB    0x00004fa4       0x10 Debug/system_stm32f10x.o
 .text.__DSB    0x00004fb4       0x10 Debug/system_stm32f10x.o
 .text.__DMB    0x00004fc4       0x10 Debug/system_stm32f10x.o
 .text.__CLREX  0x00004fd4       0x10 Debug/system_stm32f10x.o
 .text.NVIC_SetPriorityGrouping
                0x00004fe4       0x58 Debug/system_stm32f10x.o
 .text.NVIC_GetPriorityGrouping
                0x0000503c       0x20 Debug/system_stm32f10x.o
 .text.NVIC_EnableIRQ
                0x0000505c       0x38 Debug/system_stm32f10x.o
 .text.NVIC_DisableIRQ
                0x00005094       0x3c Debug/system_stm32f10x.o
 .text.NVIC_GetPendingIRQ
                0x000050d0       0x48 Debug/system_stm32f10x.o
 .text.NVIC_SetPendingIRQ
                0x00005118       0x3c Debug/system_stm32f10x.o
 .text.NVIC_ClearPendingIRQ
                0x00005154       0x3c Debug/system_stm32f10x.o
 .text.NVIC_GetActive
                0x00005190       0x48 Debug/system_stm32f10x.o
 .text.NVIC_SetPriority
                0x000051d8       0x5c Debug/system_stm32f10x.o
 .text.NVIC_GetPriority
                0x00005234       0x58 Debug/system_stm32f10x.o
 .text.NVIC_EncodePriority
                0x0000528c       0x7c Debug/system_stm32f10x.o
 .text.NVIC_DecodePriority
                0x00005308       0x80 Debug/system_stm32f10x.o
 .text.SysTick_Config
                0x00005388       0x64 Debug/system_stm32f10x.o
 .text.NVIC_SystemReset
                0x000053ec       0x30 Debug/system_stm32f10x.o
 .text.ITM_SendChar
                0x0000541c       0x6c Debug/system_stm32f10x.o
 .text.SystemInit
                0x00005488       0xc4 Debug/system_stm32f10x.o
                0x00005488                SystemInit
 .text.SetSysClock
                0x0000554c        0xc Debug/system_stm32f10x.o
 .text.SetSysClockTo72
                0x00005558      0x210 Debug/system_stm32f10x.o
 .text          0x00005768        0x0 Debug/misc.o
 .text.__enable_irq
                0x00005768        0xc Debug/misc.o
 .text.__disable_irq
                0x00005774        0xc Debug/misc.o
 .text.__enable_fault_irq
                0x00005780        0xc Debug/misc.o
 .text.__disable_fault_irq
                0x0000578c        0xc Debug/misc.o
 .text.__NOP    0x00005798        0xc Debug/misc.o
 .text.__WFI    0x000057a4        0xc Debug/misc.o
 .text.__WFE    0x000057b0        0xc Debug/misc.o
 .text.__SEV    0x000057bc        0xc Debug/misc.o
 .text.__ISB    0x000057c8       0x10 Debug/misc.o
 .text.__DSB    0x000057d8       0x10 Debug/misc.o
 .text.__DMB    0x000057e8       0x10 Debug/misc.o
 .text.__CLREX  0x000057f8       0x10 Debug/misc.o
 .text.NVIC_SetPriorityGrouping
                0x00005808       0x58 Debug/misc.o
 .text.NVIC_GetPriorityGrouping
                0x00005860       0x20 Debug/misc.o
 .text.NVIC_EnableIRQ
                0x00005880       0x38 Debug/misc.o
 .text.NVIC_DisableIRQ
                0x000058b8       0x3c Debug/misc.o
 .text.NVIC_GetPendingIRQ
                0x000058f4       0x48 Debug/misc.o
 .text.NVIC_SetPendingIRQ
                0x0000593c       0x3c Debug/misc.o
 .text.NVIC_ClearPendingIRQ
                0x00005978       0x3c Debug/misc.o
 .text.NVIC_GetActive
                0x000059b4       0x48 Debug/misc.o
 .text.NVIC_SetPriority
                0x000059fc       0x5c Debug/misc.o
 .text.NVIC_GetPriority
                0x00005a58       0x58 Debug/misc.o
 .text.NVIC_EncodePriority
                0x00005ab0       0x7c Debug/misc.o
 .text.NVIC_DecodePriority
                0x00005b2c       0x80 Debug/misc.o
 .text.SysTick_Config
                0x00005bac       0x64 Debug/misc.o
 .text.NVIC_SystemReset
                0x00005c10       0x30 Debug/misc.o
 .text.ITM_SendChar
                0x00005c40       0x6c Debug/misc.o
 .text.NVIC_PriorityGroupConfig
                0x00005cac       0x28 Debug/misc.o
                0x00005cac                NVIC_PriorityGroupConfig
 .text.NVIC_Init
                0x00005cd4       0xec Debug/misc.o
                0x00005cd4                NVIC_Init
 .text.NVIC_SetVectorTable
                0x00005dc0       0x30 Debug/misc.o
                0x00005dc0                NVIC_SetVectorTable
 .text.NVIC_SystemLPConfig
                0x00005df0       0x58 Debug/misc.o
                0x00005df0                NVIC_SystemLPConfig
 .text.SysTick_CLKSourceConfig
                0x00005e48       0x4c Debug/misc.o
                0x00005e48                SysTick_CLKSourceConfig
 .text          0x00005e94        0x0 Debug/stm32f10x_rcc.o
 .text.__enable_irq
                0x00005e94        0xc Debug/stm32f10x_rcc.o
 .text.__disable_irq
                0x00005ea0        0xc Debug/stm32f10x_rcc.o
 .text.__enable_fault_irq
                0x00005eac        0xc Debug/stm32f10x_rcc.o
 .text.__disable_fault_irq
                0x00005eb8        0xc Debug/stm32f10x_rcc.o
 .text.__NOP    0x00005ec4        0xc Debug/stm32f10x_rcc.o
 .text.__WFI    0x00005ed0        0xc Debug/stm32f10x_rcc.o
 .text.__WFE    0x00005edc        0xc Debug/stm32f10x_rcc.o
 .text.__SEV    0x00005ee8        0xc Debug/stm32f10x_rcc.o
 .text.__ISB    0x00005ef4       0x10 Debug/stm32f10x_rcc.o
 .text.__DSB    0x00005f04       0x10 Debug/stm32f10x_rcc.o
 .text.__DMB    0x00005f14       0x10 Debug/stm32f10x_rcc.o
 .text.__CLREX  0x00005f24       0x10 Debug/stm32f10x_rcc.o
 .text.NVIC_SetPriorityGrouping
                0x00005f34       0x58 Debug/stm32f10x_rcc.o
 .text.NVIC_GetPriorityGrouping
                0x00005f8c       0x20 Debug/stm32f10x_rcc.o
 .text.NVIC_EnableIRQ
                0x00005fac       0x38 Debug/stm32f10x_rcc.o
 .text.NVIC_DisableIRQ
                0x00005fe4       0x3c Debug/stm32f10x_rcc.o
 .text.NVIC_GetPendingIRQ
                0x00006020       0x48 Debug/stm32f10x_rcc.o
 .text.NVIC_SetPendingIRQ
                0x00006068       0x3c Debug/stm32f10x_rcc.o
 .text.NVIC_ClearPendingIRQ
                0x000060a4       0x3c Debug/stm32f10x_rcc.o
 .text.NVIC_GetActive
                0x000060e0       0x48 Debug/stm32f10x_rcc.o
 .text.NVIC_SetPriority
                0x00006128       0x5c Debug/stm32f10x_rcc.o
 .text.NVIC_GetPriority
                0x00006184       0x58 Debug/stm32f10x_rcc.o
 .text.NVIC_EncodePriority
                0x000061dc       0x7c Debug/stm32f10x_rcc.o
 .text.NVIC_DecodePriority
                0x00006258       0x80 Debug/stm32f10x_rcc.o
 .text.SysTick_Config
                0x000062d8       0x64 Debug/stm32f10x_rcc.o
 .text.NVIC_SystemReset
                0x0000633c       0x30 Debug/stm32f10x_rcc.o
 .text.ITM_SendChar
                0x0000636c       0x6c Debug/stm32f10x_rcc.o
 .text.RCC_DeInit
                0x000063d8       0xc4 Debug/stm32f10x_rcc.o
                0x000063d8                RCC_DeInit
 .text.RCC_HSEConfig
                0x0000649c       0x84 Debug/stm32f10x_rcc.o
                0x0000649c                RCC_HSEConfig
 .text.RCC_WaitForHSEStartUp
                0x00006520       0x64 Debug/stm32f10x_rcc.o
                0x00006520                RCC_WaitForHSEStartUp
 .text.RCC_AdjustHSICalibrationValue
                0x00006584       0x48 Debug/stm32f10x_rcc.o
                0x00006584                RCC_AdjustHSICalibrationValue
 .text.RCC_HSICmd
                0x000065cc       0x20 Debug/stm32f10x_rcc.o
                0x000065cc                RCC_HSICmd
 .text.RCC_PLLConfig
                0x000065ec       0x4c Debug/stm32f10x_rcc.o
                0x000065ec                RCC_PLLConfig
 .text.RCC_PLLCmd
                0x00006638       0x20 Debug/stm32f10x_rcc.o
                0x00006638                RCC_PLLCmd
 .text.RCC_PREDIV1Config
                0x00006658       0x50 Debug/stm32f10x_rcc.o
                0x00006658                RCC_PREDIV1Config
 .text.RCC_PREDIV2Config
                0x000066a8       0x44 Debug/stm32f10x_rcc.o
                0x000066a8                RCC_PREDIV2Config
 .text.RCC_PLL2Config
                0x000066ec       0x44 Debug/stm32f10x_rcc.o
                0x000066ec                RCC_PLL2Config
 .text.RCC_PLL2Cmd
                0x00006730       0x20 Debug/stm32f10x_rcc.o
                0x00006730                RCC_PLL2Cmd
 .text.RCC_PLL3Config
                0x00006750       0x44 Debug/stm32f10x_rcc.o
                0x00006750                RCC_PLL3Config
 .text.RCC_PLL3Cmd
                0x00006794       0x20 Debug/stm32f10x_rcc.o
                0x00006794                RCC_PLL3Cmd
 .text.RCC_SYSCLKConfig
                0x000067b4       0x44 Debug/stm32f10x_rcc.o
                0x000067b4                RCC_SYSCLKConfig
 .text.RCC_GetSYSCLKSource
                0x000067f8       0x1c Debug/stm32f10x_rcc.o
                0x000067f8                RCC_GetSYSCLKSource
 .text.RCC_HCLKConfig
                0x00006814       0x44 Debug/stm32f10x_rcc.o
                0x00006814                RCC_HCLKConfig
 .text.RCC_PCLK1Config
                0x00006858       0x44 Debug/stm32f10x_rcc.o
                0x00006858                RCC_PCLK1Config
 .text.RCC_PCLK2Config
                0x0000689c       0x48 Debug/stm32f10x_rcc.o
                0x0000689c                RCC_PCLK2Config
 .text.RCC_ITConfig
                0x000068e4       0x64 Debug/stm32f10x_rcc.o
                0x000068e4                RCC_ITConfig
 .text.RCC_OTGFSCLKConfig
                0x00006948       0x20 Debug/stm32f10x_rcc.o
                0x00006948                RCC_OTGFSCLKConfig
 .text.RCC_ADCCLKConfig
                0x00006968       0x44 Debug/stm32f10x_rcc.o
                0x00006968                RCC_ADCCLKConfig
 .text.RCC_I2S2CLKConfig
                0x000069ac       0x20 Debug/stm32f10x_rcc.o
                0x000069ac                RCC_I2S2CLKConfig
 .text.RCC_I2S3CLKConfig
                0x000069cc       0x20 Debug/stm32f10x_rcc.o
                0x000069cc                RCC_I2S3CLKConfig
 .text.RCC_LSEConfig
                0x000069ec       0x5c Debug/stm32f10x_rcc.o
                0x000069ec                RCC_LSEConfig
 .text.RCC_LSICmd
                0x00006a48       0x20 Debug/stm32f10x_rcc.o
                0x00006a48                RCC_LSICmd
 .text.RCC_RTCCLKConfig
                0x00006a68       0x2c Debug/stm32f10x_rcc.o
                0x00006a68                RCC_RTCCLKConfig
 .text.RCC_RTCCLKCmd
                0x00006a94       0x20 Debug/stm32f10x_rcc.o
                0x00006a94                RCC_RTCCLKCmd
 .text.RCC_GetClocksFreq
                0x00006ab4      0x254 Debug/stm32f10x_rcc.o
                0x00006ab4                RCC_GetClocksFreq
 .text.RCC_AHBPeriphClockCmd
                0x00006d08       0x58 Debug/stm32f10x_rcc.o
                0x00006d08                RCC_AHBPeriphClockCmd
 .text.RCC_APB2PeriphClockCmd
                0x00006d60       0x58 Debug/stm32f10x_rcc.o
                0x00006d60                RCC_APB2PeriphClockCmd
 .text.RCC_APB1PeriphClockCmd
                0x00006db8       0x58 Debug/stm32f10x_rcc.o
                0x00006db8                RCC_APB1PeriphClockCmd
 .text.RCC_AHBPeriphResetCmd
                0x00006e10       0x58 Debug/stm32f10x_rcc.o
                0x00006e10                RCC_AHBPeriphResetCmd
 .text.RCC_APB2PeriphResetCmd
                0x00006e68       0x58 Debug/stm32f10x_rcc.o
                0x00006e68                RCC_APB2PeriphResetCmd
 .text.RCC_APB1PeriphResetCmd
                0x00006ec0       0x58 Debug/stm32f10x_rcc.o
                0x00006ec0                RCC_APB1PeriphResetCmd
 .text.RCC_BackupResetCmd
                0x00006f18       0x20 Debug/stm32f10x_rcc.o
                0x00006f18                RCC_BackupResetCmd
 .text.RCC_ClockSecuritySystemCmd
                0x00006f38       0x20 Debug/stm32f10x_rcc.o
                0x00006f38                RCC_ClockSecuritySystemCmd
 .text.RCC_MCOConfig
                0x00006f58       0x20 Debug/stm32f10x_rcc.o
                0x00006f58                RCC_MCOConfig
 .text.RCC_GetFlagStatus
                0x00006f78       0x90 Debug/stm32f10x_rcc.o
                0x00006f78                RCC_GetFlagStatus
 .text.RCC_ClearFlag
                0x00007008       0x24 Debug/stm32f10x_rcc.o
                0x00007008                RCC_ClearFlag
 .text.RCC_GetITStatus
                0x0000702c       0x40 Debug/stm32f10x_rcc.o
                0x0000702c                RCC_GetITStatus
 .text.RCC_ClearITPendingBit
                0x0000706c       0x20 Debug/stm32f10x_rcc.o
                0x0000706c                RCC_ClearITPendingBit
 .text          0x0000708c        0x0 Debug/stm32f10x_flash.o
 .text.__enable_irq
                0x0000708c        0xc Debug/stm32f10x_flash.o
 .text.__disable_irq
                0x00007098        0xc Debug/stm32f10x_flash.o
 .text.__enable_fault_irq
                0x000070a4        0xc Debug/stm32f10x_flash.o
 .text.__disable_fault_irq
                0x000070b0        0xc Debug/stm32f10x_flash.o
 .text.__NOP    0x000070bc        0xc Debug/stm32f10x_flash.o
 .text.__WFI    0x000070c8        0xc Debug/stm32f10x_flash.o
 .text.__WFE    0x000070d4        0xc Debug/stm32f10x_flash.o
 .text.__SEV    0x000070e0        0xc Debug/stm32f10x_flash.o
 .text.__ISB    0x000070ec       0x10 Debug/stm32f10x_flash.o
 .text.__DSB    0x000070fc       0x10 Debug/stm32f10x_flash.o
 .text.__DMB    0x0000710c       0x10 Debug/stm32f10x_flash.o
 .text.__CLREX  0x0000711c       0x10 Debug/stm32f10x_flash.o
 .text.NVIC_SetPriorityGrouping
                0x0000712c       0x58 Debug/stm32f10x_flash.o
 .text.NVIC_GetPriorityGrouping
                0x00007184       0x20 Debug/stm32f10x_flash.o
 .text.NVIC_EnableIRQ
                0x000071a4       0x38 Debug/stm32f10x_flash.o
 .text.NVIC_DisableIRQ
                0x000071dc       0x3c Debug/stm32f10x_flash.o
 .text.NVIC_GetPendingIRQ
                0x00007218       0x48 Debug/stm32f10x_flash.o
 .text.NVIC_SetPendingIRQ
                0x00007260       0x3c Debug/stm32f10x_flash.o
 .text.NVIC_ClearPendingIRQ
                0x0000729c       0x3c Debug/stm32f10x_flash.o
 .text.NVIC_GetActive
                0x000072d8       0x48 Debug/stm32f10x_flash.o
 .text.NVIC_SetPriority
                0x00007320       0x5c Debug/stm32f10x_flash.o
 .text.NVIC_GetPriority
                0x0000737c       0x58 Debug/stm32f10x_flash.o
 .text.NVIC_EncodePriority
                0x000073d4       0x7c Debug/stm32f10x_flash.o
 .text.NVIC_DecodePriority
                0x00007450       0x80 Debug/stm32f10x_flash.o
 .text.SysTick_Config
                0x000074d0       0x64 Debug/stm32f10x_flash.o
 .text.NVIC_SystemReset
                0x00007534       0x30 Debug/stm32f10x_flash.o
 .text.ITM_SendChar
                0x00007564       0x6c Debug/stm32f10x_flash.o
 .text.FLASH_SetLatency
                0x000075d0       0x44 Debug/stm32f10x_flash.o
                0x000075d0                FLASH_SetLatency
 .text.FLASH_HalfCycleAccessCmd
                0x00007614       0x44 Debug/stm32f10x_flash.o
                0x00007614                FLASH_HalfCycleAccessCmd
 .text.FLASH_PrefetchBufferCmd
                0x00007658       0x44 Debug/stm32f10x_flash.o
                0x00007658                FLASH_PrefetchBufferCmd
 .text.FLASH_Unlock
                0x0000769c       0x30 Debug/stm32f10x_flash.o
                0x0000769c                FLASH_Unlock
 .text.FLASH_Lock
                0x000076cc       0x24 Debug/stm32f10x_flash.o
                0x000076cc                FLASH_Lock
 .text.FLASH_ErasePage
                0x000076f0       0x9c Debug/stm32f10x_flash.o
                0x000076f0                FLASH_ErasePage
 .text.FLASH_EraseAllPages
                0x0000778c       0x8c Debug/stm32f10x_flash.o
                0x0000778c                FLASH_EraseAllPages
 .text.FLASH_EraseOptionBytes
                0x00007818      0x138 Debug/stm32f10x_flash.o
                0x00007818                FLASH_EraseOptionBytes
 .text.FLASH_ProgramWord
                0x00007950       0xd8 Debug/stm32f10x_flash.o
                0x00007950                FLASH_ProgramWord
 .text.FLASH_ProgramHalfWord
                0x00007a28       0x80 Debug/stm32f10x_flash.o
                0x00007a28                FLASH_ProgramHalfWord
 .text.FLASH_ProgramOptionByteData
                0x00007aa8       0xa4 Debug/stm32f10x_flash.o
                0x00007aa8                FLASH_ProgramOptionByteData
 .text.FLASH_EnableWriteProtection
                0x00007b4c      0x164 Debug/stm32f10x_flash.o
                0x00007b4c                FLASH_EnableWriteProtection
 .text.FLASH_ReadOutProtection
                0x00007cb0      0x150 Debug/stm32f10x_flash.o
                0x00007cb0                FLASH_ReadOutProtection
 .text.FLASH_UserOptionByteConfig
                0x00007e00       0xc8 Debug/stm32f10x_flash.o
                0x00007e00                FLASH_UserOptionByteConfig
 .text.FLASH_GetUserOptionByte
                0x00007ec8       0x1c Debug/stm32f10x_flash.o
                0x00007ec8                FLASH_GetUserOptionByte
 .text.FLASH_GetWriteProtectionOptionByte
                0x00007ee4       0x18 Debug/stm32f10x_flash.o
                0x00007ee4                FLASH_GetWriteProtectionOptionByte
 .text.FLASH_GetReadOutProtectionStatus
                0x00007efc       0x3c Debug/stm32f10x_flash.o
                0x00007efc                FLASH_GetReadOutProtectionStatus
 .text.FLASH_GetPrefetchBufferStatus
                0x00007f38       0x3c Debug/stm32f10x_flash.o
                0x00007f38                FLASH_GetPrefetchBufferStatus
 .text.FLASH_ITConfig
                0x00007f74       0x58 Debug/stm32f10x_flash.o
                0x00007f74                FLASH_ITConfig
 .text.FLASH_GetFlagStatus
                0x00007fcc       0x6c Debug/stm32f10x_flash.o
                0x00007fcc                FLASH_GetFlagStatus
 .text.FLASH_ClearFlag
                0x00008038       0x20 Debug/stm32f10x_flash.o
                0x00008038                FLASH_ClearFlag
 .text.FLASH_GetStatus
                0x00008058       0x70 Debug/stm32f10x_flash.o
                0x00008058                FLASH_GetStatus
 .text.FLASH_WaitForLastOperation
                0x000080c8       0x50 Debug/stm32f10x_flash.o
                0x000080c8                FLASH_WaitForLastOperation
 .text.delay    0x00008118       0x2c Debug/stm32f10x_flash.o
 .text          0x00008144        0x0 Debug/stm32f10x_gpio.o
 .text.__enable_irq
                0x00008144        0xc Debug/stm32f10x_gpio.o
 .text.__disable_irq
                0x00008150        0xc Debug/stm32f10x_gpio.o
 .text.__enable_fault_irq
                0x0000815c        0xc Debug/stm32f10x_gpio.o
 .text.__disable_fault_irq
                0x00008168        0xc Debug/stm32f10x_gpio.o
 .text.__NOP    0x00008174        0xc Debug/stm32f10x_gpio.o
 .text.__WFI    0x00008180        0xc Debug/stm32f10x_gpio.o
 .text.__WFE    0x0000818c        0xc Debug/stm32f10x_gpio.o
 .text.__SEV    0x00008198        0xc Debug/stm32f10x_gpio.o
 .text.__ISB    0x000081a4       0x10 Debug/stm32f10x_gpio.o
 .text.__DSB    0x000081b4       0x10 Debug/stm32f10x_gpio.o
 .text.__DMB    0x000081c4       0x10 Debug/stm32f10x_gpio.o
 .text.__CLREX  0x000081d4       0x10 Debug/stm32f10x_gpio.o
 .text.NVIC_SetPriorityGrouping
                0x000081e4       0x58 Debug/stm32f10x_gpio.o
 .text.NVIC_GetPriorityGrouping
                0x0000823c       0x20 Debug/stm32f10x_gpio.o
 .text.NVIC_EnableIRQ
                0x0000825c       0x38 Debug/stm32f10x_gpio.o
 .text.NVIC_DisableIRQ
                0x00008294       0x3c Debug/stm32f10x_gpio.o
 .text.NVIC_GetPendingIRQ
                0x000082d0       0x48 Debug/stm32f10x_gpio.o
 .text.NVIC_SetPendingIRQ
                0x00008318       0x3c Debug/stm32f10x_gpio.o
 .text.NVIC_ClearPendingIRQ
                0x00008354       0x3c Debug/stm32f10x_gpio.o
 .text.NVIC_GetActive
                0x00008390       0x48 Debug/stm32f10x_gpio.o
 .text.NVIC_SetPriority
                0x000083d8       0x5c Debug/stm32f10x_gpio.o
 .text.NVIC_GetPriority
                0x00008434       0x58 Debug/stm32f10x_gpio.o
 .text.NVIC_EncodePriority
                0x0000848c       0x7c Debug/stm32f10x_gpio.o
 .text.NVIC_DecodePriority
                0x00008508       0x80 Debug/stm32f10x_gpio.o
 .text.SysTick_Config
                0x00008588       0x64 Debug/stm32f10x_gpio.o
 .text.NVIC_SystemReset
                0x000085ec       0x30 Debug/stm32f10x_gpio.o
 .text.ITM_SendChar
                0x0000861c       0x6c Debug/stm32f10x_gpio.o
 .text.GPIO_DeInit
                0x00008688      0x128 Debug/stm32f10x_gpio.o
                0x00008688                GPIO_DeInit
 .text.GPIO_AFIODeInit
                0x000087b0       0x20 Debug/stm32f10x_gpio.o
                0x000087b0                GPIO_AFIODeInit
 .text.GPIO_Init
                0x000087d0      0x1c0 Debug/stm32f10x_gpio.o
                0x000087d0                GPIO_Init
 .text.GPIO_StructInit
                0x00008990       0x2c Debug/stm32f10x_gpio.o
                0x00008990                GPIO_StructInit
 .text.GPIO_ReadInputDataBit
                0x000089bc       0x3c Debug/stm32f10x_gpio.o
                0x000089bc                GPIO_ReadInputDataBit
 .text.GPIO_ReadInputData
                0x000089f8       0x1c Debug/stm32f10x_gpio.o
                0x000089f8                GPIO_ReadInputData
 .text.GPIO_ReadOutputDataBit
                0x00008a14       0x3c Debug/stm32f10x_gpio.o
                0x00008a14                GPIO_ReadOutputDataBit
 .text.GPIO_ReadOutputData
                0x00008a50       0x1c Debug/stm32f10x_gpio.o
                0x00008a50                GPIO_ReadOutputData
 .text.GPIO_SetBits
                0x00008a6c       0x1c Debug/stm32f10x_gpio.o
                0x00008a6c                GPIO_SetBits
 .text.GPIO_ResetBits
                0x00008a88       0x1c Debug/stm32f10x_gpio.o
                0x00008a88                GPIO_ResetBits
 .text.GPIO_WriteBit
                0x00008aa4       0x30 Debug/stm32f10x_gpio.o
                0x00008aa4                GPIO_WriteBit
 .text.GPIO_Write
                0x00008ad4       0x1c Debug/stm32f10x_gpio.o
                0x00008ad4                GPIO_Write
 .text.GPIO_PinLockConfig
                0x00008af0       0x44 Debug/stm32f10x_gpio.o
                0x00008af0                GPIO_PinLockConfig
 .text.GPIO_EventOutputConfig
                0x00008b34       0x60 Debug/stm32f10x_gpio.o
                0x00008b34                GPIO_EventOutputConfig
 .text.GPIO_EventOutputCmd
                0x00008b94       0x20 Debug/stm32f10x_gpio.o
                0x00008b94                GPIO_EventOutputCmd
 .text.GPIO_PinRemapConfig
                0x00008bb4       0xfc Debug/stm32f10x_gpio.o
                0x00008bb4                GPIO_PinRemapConfig
 .text.GPIO_EXTILineConfig
                0x00008cb0       0xb8 Debug/stm32f10x_gpio.o
                0x00008cb0                GPIO_EXTILineConfig
 .text.GPIO_ETH_MediaInterfaceConfig
                0x00008d68       0x20 Debug/stm32f10x_gpio.o
                0x00008d68                GPIO_ETH_MediaInterfaceConfig
 .text          0x00008d88        0x0 Debug/stm32f10x_tim.o
 .text.__enable_irq
                0x00008d88        0xc Debug/stm32f10x_tim.o
 .text.__disable_irq
                0x00008d94        0xc Debug/stm32f10x_tim.o
 .text.__enable_fault_irq
                0x00008da0        0xc Debug/stm32f10x_tim.o
 .text.__disable_fault_irq
                0x00008dac        0xc Debug/stm32f10x_tim.o
 .text.__NOP    0x00008db8        0xc Debug/stm32f10x_tim.o
 .text.__WFI    0x00008dc4        0xc Debug/stm32f10x_tim.o
 .text.__WFE    0x00008dd0        0xc Debug/stm32f10x_tim.o
 .text.__SEV    0x00008ddc        0xc Debug/stm32f10x_tim.o
 .text.__ISB    0x00008de8       0x10 Debug/stm32f10x_tim.o
 .text.__DSB    0x00008df8       0x10 Debug/stm32f10x_tim.o
 .text.__DMB    0x00008e08       0x10 Debug/stm32f10x_tim.o
 .text.__CLREX  0x00008e18       0x10 Debug/stm32f10x_tim.o
 .text.NVIC_SetPriorityGrouping
                0x00008e28       0x58 Debug/stm32f10x_tim.o
 .text.NVIC_GetPriorityGrouping
                0x00008e80       0x20 Debug/stm32f10x_tim.o
 .text.NVIC_EnableIRQ
                0x00008ea0       0x38 Debug/stm32f10x_tim.o
 .text.NVIC_DisableIRQ
                0x00008ed8       0x3c Debug/stm32f10x_tim.o
 .text.NVIC_GetPendingIRQ
                0x00008f14       0x48 Debug/stm32f10x_tim.o
 .text.NVIC_SetPendingIRQ
                0x00008f5c       0x3c Debug/stm32f10x_tim.o
 .text.NVIC_ClearPendingIRQ
                0x00008f98       0x3c Debug/stm32f10x_tim.o
 .text.NVIC_GetActive
                0x00008fd4       0x48 Debug/stm32f10x_tim.o
 .text.NVIC_SetPriority
                0x0000901c       0x5c Debug/stm32f10x_tim.o
 .text.NVIC_GetPriority
                0x00009078       0x58 Debug/stm32f10x_tim.o
 .text.NVIC_EncodePriority
                0x000090d0       0x7c Debug/stm32f10x_tim.o
 .text.NVIC_DecodePriority
                0x0000914c       0x80 Debug/stm32f10x_tim.o
 .text.SysTick_Config
                0x000091cc       0x64 Debug/stm32f10x_tim.o
 .text.NVIC_SystemReset
                0x00009230       0x30 Debug/stm32f10x_tim.o
 .text.ITM_SendChar
                0x00009260       0x6c Debug/stm32f10x_tim.o
 .text.TIM_DeInit
                0x000092cc      0x148 Debug/stm32f10x_tim.o
                0x000092cc                TIM_DeInit
 .text.TIM_TimeBaseInit
                0x00009414       0x80 Debug/stm32f10x_tim.o
                0x00009414                TIM_TimeBaseInit
 .text.TIM_OC1Init
                0x00009494      0x11c Debug/stm32f10x_tim.o
                0x00009494                TIM_OC1Init
 .text.TIM_OC2Init
                0x000095b0      0x148 Debug/stm32f10x_tim.o
                0x000095b0                TIM_OC2Init
 .text.TIM_OC3Init
                0x000096f8      0x140 Debug/stm32f10x_tim.o
                0x000096f8                TIM_OC3Init
 .text.TIM_OC4Init
                0x00009838       0xf0 Debug/stm32f10x_tim.o
                0x00009838                TIM_OC4Init
 .text.TIM_ICInit
                0x00009928       0xa8 Debug/stm32f10x_tim.o
                0x00009928                TIM_ICInit
 .text.TIM_PWMIConfig
                0x000099d0       0xc4 Debug/stm32f10x_tim.o
                0x000099d0                TIM_PWMIConfig
 .text.TIM_BDTRConfig
                0x00009a94       0x5c Debug/stm32f10x_tim.o
                0x00009a94                TIM_BDTRConfig
 .text.TIM_TimeBaseStructInit
                0x00009af0       0x3c Debug/stm32f10x_tim.o
                0x00009af0                TIM_TimeBaseStructInit
 .text.TIM_OCStructInit
                0x00009b2c       0x54 Debug/stm32f10x_tim.o
                0x00009b2c                TIM_OCStructInit
 .text.TIM_ICStructInit
                0x00009b80       0x3c Debug/stm32f10x_tim.o
                0x00009b80                TIM_ICStructInit
 .text.TIM_BDTRStructInit
                0x00009bbc       0x4c Debug/stm32f10x_tim.o
                0x00009bbc                TIM_BDTRStructInit
 .text.TIM_Cmd  0x00009c08       0x48 Debug/stm32f10x_tim.o
                0x00009c08                TIM_Cmd
 .text.TIM_CtrlPWMOutputs
                0x00009c50       0x4c Debug/stm32f10x_tim.o
                0x00009c50                TIM_CtrlPWMOutputs
 .text.TIM_ITConfig
                0x00009c9c       0x4c Debug/stm32f10x_tim.o
                0x00009c9c                TIM_ITConfig
 .text.TIM_GenerateEvent
                0x00009ce8       0x1c Debug/stm32f10x_tim.o
                0x00009ce8                TIM_GenerateEvent
 .text.TIM_DMAConfig
                0x00009d04       0x2c Debug/stm32f10x_tim.o
                0x00009d04                TIM_DMAConfig
 .text.TIM_DMACmd
                0x00009d30       0x4c Debug/stm32f10x_tim.o
                0x00009d30                TIM_DMACmd
 .text.TIM_InternalClockConfig
                0x00009d7c       0x2c Debug/stm32f10x_tim.o
                0x00009d7c                TIM_InternalClockConfig
 .text.TIM_ITRxExternalClockConfig
                0x00009da8       0x30 Debug/stm32f10x_tim.o
                0x00009da8                TIM_ITRxExternalClockConfig
 .text.TIM_TIxExternalClockConfig
                0x00009dd8       0x58 Debug/stm32f10x_tim.o
                0x00009dd8                TIM_TIxExternalClockConfig
 .text.TIM_ETRClockMode1Config
                0x00009e30       0x54 Debug/stm32f10x_tim.o
                0x00009e30                TIM_ETRClockMode1Config
 .text.TIM_ETRClockMode2Config
                0x00009e84       0x34 Debug/stm32f10x_tim.o
                0x00009e84                TIM_ETRClockMode2Config
 .text.TIM_ETRConfig
                0x00009eb8       0x54 Debug/stm32f10x_tim.o
                0x00009eb8                TIM_ETRConfig
 .text.TIM_PrescalerConfig
                0x00009f0c       0x28 Debug/stm32f10x_tim.o
                0x00009f0c                TIM_PrescalerConfig
 .text.TIM_CounterModeConfig
                0x00009f34       0x44 Debug/stm32f10x_tim.o
                0x00009f34                TIM_CounterModeConfig
 .text.TIM_SelectInputTrigger
                0x00009f78       0x3c Debug/stm32f10x_tim.o
                0x00009f78                TIM_SelectInputTrigger
 .text.TIM_EncoderInterfaceConfig
                0x00009fb4       0x98 Debug/stm32f10x_tim.o
                0x00009fb4                TIM_EncoderInterfaceConfig
 .text.TIM_ForcedOC1Config
                0x0000a04c       0x3c Debug/stm32f10x_tim.o
                0x0000a04c                TIM_ForcedOC1Config
 .text.TIM_ForcedOC2Config
                0x0000a088       0x40 Debug/stm32f10x_tim.o
                0x0000a088                TIM_ForcedOC2Config
 .text.TIM_ForcedOC3Config
                0x0000a0c8       0x3c Debug/stm32f10x_tim.o
                0x0000a0c8                TIM_ForcedOC3Config
 .text.TIM_ForcedOC4Config
                0x0000a104       0x40 Debug/stm32f10x_tim.o
                0x0000a104                TIM_ForcedOC4Config
 .text.TIM_ARRPreloadConfig
                0x0000a144       0x48 Debug/stm32f10x_tim.o
                0x0000a144                TIM_ARRPreloadConfig
 .text.TIM_SelectCOM
                0x0000a18c       0x48 Debug/stm32f10x_tim.o
                0x0000a18c                TIM_SelectCOM
 .text.TIM_SelectCCDMA
                0x0000a1d4       0x48 Debug/stm32f10x_tim.o
                0x0000a1d4                TIM_SelectCCDMA
 .text.TIM_CCPreloadControl
                0x0000a21c       0x48 Debug/stm32f10x_tim.o
                0x0000a21c                TIM_CCPreloadControl
 .text.TIM_OC1PreloadConfig
                0x0000a264       0x3c Debug/stm32f10x_tim.o
                0x0000a264                TIM_OC1PreloadConfig
 .text.TIM_OC2PreloadConfig
                0x0000a2a0       0x40 Debug/stm32f10x_tim.o
                0x0000a2a0                TIM_OC2PreloadConfig
 .text.TIM_OC3PreloadConfig
                0x0000a2e0       0x3c Debug/stm32f10x_tim.o
                0x0000a2e0                TIM_OC3PreloadConfig
 .text.TIM_OC4PreloadConfig
                0x0000a31c       0x40 Debug/stm32f10x_tim.o
                0x0000a31c                TIM_OC4PreloadConfig
 .text.TIM_OC1FastConfig
                0x0000a35c       0x3c Debug/stm32f10x_tim.o
                0x0000a35c                TIM_OC1FastConfig
 .text.TIM_OC2FastConfig
                0x0000a398       0x40 Debug/stm32f10x_tim.o
                0x0000a398                TIM_OC2FastConfig
 .text.TIM_OC3FastConfig
                0x0000a3d8       0x3c Debug/stm32f10x_tim.o
                0x0000a3d8                TIM_OC3FastConfig
 .text.TIM_OC4FastConfig
                0x0000a414       0x40 Debug/stm32f10x_tim.o
                0x0000a414                TIM_OC4FastConfig
 .text.TIM_ClearOC1Ref
                0x0000a454       0x3c Debug/stm32f10x_tim.o
                0x0000a454                TIM_ClearOC1Ref
 .text.TIM_ClearOC2Ref
                0x0000a490       0x44 Debug/stm32f10x_tim.o
                0x0000a490                TIM_ClearOC2Ref
 .text.TIM_ClearOC3Ref
                0x0000a4d4       0x3c Debug/stm32f10x_tim.o
                0x0000a4d4                TIM_ClearOC3Ref
 .text.TIM_ClearOC4Ref
                0x0000a510       0x44 Debug/stm32f10x_tim.o
                0x0000a510                TIM_ClearOC4Ref
 .text.TIM_OC1PolarityConfig
                0x0000a554       0x3c Debug/stm32f10x_tim.o
                0x0000a554                TIM_OC1PolarityConfig
 .text.TIM_OC1NPolarityConfig
                0x0000a590       0x3c Debug/stm32f10x_tim.o
                0x0000a590                TIM_OC1NPolarityConfig
 .text.TIM_OC2PolarityConfig
                0x0000a5cc       0x40 Debug/stm32f10x_tim.o
                0x0000a5cc                TIM_OC2PolarityConfig
 .text.TIM_OC2NPolarityConfig
                0x0000a60c       0x40 Debug/stm32f10x_tim.o
                0x0000a60c                TIM_OC2NPolarityConfig
 .text.TIM_OC3PolarityConfig
                0x0000a64c       0x40 Debug/stm32f10x_tim.o
                0x0000a64c                TIM_OC3PolarityConfig
 .text.TIM_OC3NPolarityConfig
                0x0000a68c       0x40 Debug/stm32f10x_tim.o
                0x0000a68c                TIM_OC3NPolarityConfig
 .text.TIM_OC4PolarityConfig
                0x0000a6cc       0x40 Debug/stm32f10x_tim.o
                0x0000a6cc                TIM_OC4PolarityConfig
 .text.TIM_CCxCmd
                0x0000a70c       0x60 Debug/stm32f10x_tim.o
                0x0000a70c                TIM_CCxCmd
 .text.TIM_CCxNCmd
                0x0000a76c       0x60 Debug/stm32f10x_tim.o
                0x0000a76c                TIM_CCxNCmd
 .text.TIM_SelectOCxM
                0x0000a7cc       0xd0 Debug/stm32f10x_tim.o
                0x0000a7cc                TIM_SelectOCxM
 .text.TIM_UpdateDisableConfig
                0x0000a89c       0x48 Debug/stm32f10x_tim.o
                0x0000a89c                TIM_UpdateDisableConfig
 .text.TIM_UpdateRequestConfig
                0x0000a8e4       0x48 Debug/stm32f10x_tim.o
                0x0000a8e4                TIM_UpdateRequestConfig
 .text.TIM_SelectHallSensor
                0x0000a92c       0x48 Debug/stm32f10x_tim.o
                0x0000a92c                TIM_SelectHallSensor
 .text.TIM_SelectOnePulseMode
                0x0000a974       0x44 Debug/stm32f10x_tim.o
                0x0000a974                TIM_SelectOnePulseMode
 .text.TIM_SelectOutputTrigger
                0x0000a9b8       0x44 Debug/stm32f10x_tim.o
                0x0000a9b8                TIM_SelectOutputTrigger
 .text.TIM_SelectSlaveMode
                0x0000a9fc       0x44 Debug/stm32f10x_tim.o
                0x0000a9fc                TIM_SelectSlaveMode
 .text.TIM_SelectMasterSlaveMode
                0x0000aa40       0x44 Debug/stm32f10x_tim.o
                0x0000aa40                TIM_SelectMasterSlaveMode
 .text.TIM_SetCounter
                0x0000aa84       0x1c Debug/stm32f10x_tim.o
                0x0000aa84                TIM_SetCounter
 .text.TIM_SetAutoreload
                0x0000aaa0       0x1c Debug/stm32f10x_tim.o
                0x0000aaa0                TIM_SetAutoreload
 .text.TIM_SetCompare1
                0x0000aabc       0x1c Debug/stm32f10x_tim.o
                0x0000aabc                TIM_SetCompare1
 .text.TIM_SetCompare2
                0x0000aad8       0x1c Debug/stm32f10x_tim.o
                0x0000aad8                TIM_SetCompare2
 .text.TIM_SetCompare3
                0x0000aaf4       0x1c Debug/stm32f10x_tim.o
                0x0000aaf4                TIM_SetCompare3
 .text.TIM_SetCompare4
                0x0000ab10       0x20 Debug/stm32f10x_tim.o
                0x0000ab10                TIM_SetCompare4
 .text.TIM_SetIC1Prescaler
                0x0000ab30       0x44 Debug/stm32f10x_tim.o
                0x0000ab30                TIM_SetIC1Prescaler
 .text.TIM_SetIC2Prescaler
                0x0000ab74       0x48 Debug/stm32f10x_tim.o
                0x0000ab74                TIM_SetIC2Prescaler
 .text.TIM_SetIC3Prescaler
                0x0000abbc       0x44 Debug/stm32f10x_tim.o
                0x0000abbc                TIM_SetIC3Prescaler
 .text.TIM_SetIC4Prescaler
                0x0000ac00       0x48 Debug/stm32f10x_tim.o
                0x0000ac00                TIM_SetIC4Prescaler
 .text.TIM_SetClockDivision
                0x0000ac48       0x38 Debug/stm32f10x_tim.o
                0x0000ac48                TIM_SetClockDivision
 .text.TIM_GetCapture1
                0x0000ac80       0x1c Debug/stm32f10x_tim.o
                0x0000ac80                TIM_GetCapture1
 .text.TIM_GetCapture2
                0x0000ac9c       0x1c Debug/stm32f10x_tim.o
                0x0000ac9c                TIM_GetCapture2
 .text.TIM_GetCapture3
                0x0000acb8       0x1c Debug/stm32f10x_tim.o
                0x0000acb8                TIM_GetCapture3
 .text.TIM_GetCapture4
                0x0000acd4       0x1c Debug/stm32f10x_tim.o
                0x0000acd4                TIM_GetCapture4
 .text.TIM_GetCounter
                0x0000acf0       0x1c Debug/stm32f10x_tim.o
                0x0000acf0                TIM_GetCounter
 .text.TIM_GetPrescaler
                0x0000ad0c       0x1c Debug/stm32f10x_tim.o
                0x0000ad0c                TIM_GetPrescaler
 .text.TIM_GetFlagStatus
                0x0000ad28       0x40 Debug/stm32f10x_tim.o
                0x0000ad28                TIM_GetFlagStatus
 .text.TIM_ClearFlag
                0x0000ad68       0x24 Debug/stm32f10x_tim.o
                0x0000ad68                TIM_ClearFlag
 .text.TIM_GetITStatus
                0x0000ad8c       0x64 Debug/stm32f10x_tim.o
                0x0000ad8c                TIM_GetITStatus
 .text.TIM_ClearITPendingBit
                0x0000adf0       0x24 Debug/stm32f10x_tim.o
                0x0000adf0                TIM_ClearITPendingBit
 .text.TI1_Config
                0x0000ae14       0x90 Debug/stm32f10x_tim.o
 .text.TI2_Config
                0x0000aea4       0xac Debug/stm32f10x_tim.o
 .text.TI3_Config
                0x0000af50       0x9c Debug/stm32f10x_tim.o
 .text.TI4_Config
                0x0000afec       0xac Debug/stm32f10x_tim.o
 .text          0x0000b098        0x0 Debug/stm32f10x_spi.o
 .text.__enable_irq
                0x0000b098        0xc Debug/stm32f10x_spi.o
 .text.__disable_irq
                0x0000b0a4        0xc Debug/stm32f10x_spi.o
 .text.__enable_fault_irq
                0x0000b0b0        0xc Debug/stm32f10x_spi.o
 .text.__disable_fault_irq
                0x0000b0bc        0xc Debug/stm32f10x_spi.o
 .text.__NOP    0x0000b0c8        0xc Debug/stm32f10x_spi.o
 .text.__WFI    0x0000b0d4        0xc Debug/stm32f10x_spi.o
 .text.__WFE    0x0000b0e0        0xc Debug/stm32f10x_spi.o
 .text.__SEV    0x0000b0ec        0xc Debug/stm32f10x_spi.o
 .text.__ISB    0x0000b0f8       0x10 Debug/stm32f10x_spi.o
 .text.__DSB    0x0000b108       0x10 Debug/stm32f10x_spi.o
 .text.__DMB    0x0000b118       0x10 Debug/stm32f10x_spi.o
 .text.__CLREX  0x0000b128       0x10 Debug/stm32f10x_spi.o
 .text.NVIC_SetPriorityGrouping
                0x0000b138       0x58 Debug/stm32f10x_spi.o
 .text.NVIC_GetPriorityGrouping
                0x0000b190       0x20 Debug/stm32f10x_spi.o
 .text.NVIC_EnableIRQ
                0x0000b1b0       0x38 Debug/stm32f10x_spi.o
 .text.NVIC_DisableIRQ
                0x0000b1e8       0x3c Debug/stm32f10x_spi.o
 .text.NVIC_GetPendingIRQ
                0x0000b224       0x48 Debug/stm32f10x_spi.o
 .text.NVIC_SetPendingIRQ
                0x0000b26c       0x3c Debug/stm32f10x_spi.o
 .text.NVIC_ClearPendingIRQ
                0x0000b2a8       0x3c Debug/stm32f10x_spi.o
 .text.NVIC_GetActive
                0x0000b2e4       0x48 Debug/stm32f10x_spi.o
 .text.NVIC_SetPriority
                0x0000b32c       0x5c Debug/stm32f10x_spi.o
 .text.NVIC_GetPriority
                0x0000b388       0x58 Debug/stm32f10x_spi.o
 .text.NVIC_EncodePriority
                0x0000b3e0       0x7c Debug/stm32f10x_spi.o
 .text.NVIC_DecodePriority
                0x0000b45c       0x80 Debug/stm32f10x_spi.o
 .text.SysTick_Config
                0x0000b4dc       0x64 Debug/stm32f10x_spi.o
 .text.NVIC_SystemReset
                0x0000b540       0x30 Debug/stm32f10x_spi.o
 .text.ITM_SendChar
                0x0000b570       0x6c Debug/stm32f10x_spi.o
 .text.SPI_I2S_DeInit
                0x0000b5dc       0x88 Debug/stm32f10x_spi.o
                0x0000b5dc                SPI_I2S_DeInit
 .text.SPI_Init
                0x0000b664       0xa4 Debug/stm32f10x_spi.o
                0x0000b664                SPI_Init
 .text.I2S_Init
                0x0000b708      0x22c Debug/stm32f10x_spi.o
                0x0000b708                I2S_Init
 .text.SPI_StructInit
                0x0000b934       0x5c Debug/stm32f10x_spi.o
                0x0000b934                SPI_StructInit
 .text.I2S_StructInit
                0x0000b990       0x44 Debug/stm32f10x_spi.o
                0x0000b990                I2S_StructInit
 .text.SPI_Cmd  0x0000b9d4       0x48 Debug/stm32f10x_spi.o
                0x0000b9d4                SPI_Cmd
 .text.I2S_Cmd  0x0000ba1c       0x48 Debug/stm32f10x_spi.o
                0x0000ba1c                I2S_Cmd
 .text.SPI_I2S_ITConfig
                0x0000ba64       0x70 Debug/stm32f10x_spi.o
                0x0000ba64                SPI_I2S_ITConfig
 .text.SPI_I2S_DMACmd
                0x0000bad4       0x4c Debug/stm32f10x_spi.o
                0x0000bad4                SPI_I2S_DMACmd
 .text.SPI_I2S_SendData
                0x0000bb20       0x1c Debug/stm32f10x_spi.o
                0x0000bb20                SPI_I2S_SendData
 .text.SPI_I2S_ReceiveData
                0x0000bb3c       0x1c Debug/stm32f10x_spi.o
                0x0000bb3c                SPI_I2S_ReceiveData
 .text.SPI_NSSInternalSoftwareConfig
                0x0000bb58       0x4c Debug/stm32f10x_spi.o
                0x0000bb58                SPI_NSSInternalSoftwareConfig
 .text.SPI_SSOutputCmd
                0x0000bba4       0x48 Debug/stm32f10x_spi.o
                0x0000bba4                SPI_SSOutputCmd
 .text.SPI_DataSizeConfig
                0x0000bbec       0x44 Debug/stm32f10x_spi.o
                0x0000bbec                SPI_DataSizeConfig
 .text.SPI_TransmitCRC
                0x0000bc30       0x24 Debug/stm32f10x_spi.o
                0x0000bc30                SPI_TransmitCRC
 .text.SPI_CalculateCRC
                0x0000bc54       0x48 Debug/stm32f10x_spi.o
                0x0000bc54                SPI_CalculateCRC
 .text.SPI_GetCRC
                0x0000bc9c       0x34 Debug/stm32f10x_spi.o
                0x0000bc9c                SPI_GetCRC
 .text.SPI_GetCRCPolynomial
                0x0000bcd0       0x1c Debug/stm32f10x_spi.o
                0x0000bcd0                SPI_GetCRCPolynomial
 .text.SPI_BiDirectionalLineConfig
                0x0000bcec       0x4c Debug/stm32f10x_spi.o
                0x0000bcec                SPI_BiDirectionalLineConfig
 .text.SPI_I2S_GetFlagStatus
                0x0000bd38       0x40 Debug/stm32f10x_spi.o
                0x0000bd38                SPI_I2S_GetFlagStatus
 .text.SPI_I2S_ClearFlag
                0x0000bd78       0x24 Debug/stm32f10x_spi.o
                0x0000bd78                SPI_I2S_ClearFlag
 .text.SPI_I2S_GetITStatus
                0x0000bd9c       0x8c Debug/stm32f10x_spi.o
                0x0000bd9c                SPI_I2S_GetITStatus
 .text.SPI_I2S_ClearITPendingBit
                0x0000be28       0x38 Debug/stm32f10x_spi.o
                0x0000be28                SPI_I2S_ClearITPendingBit
 .text          0x0000be60        0x0 Debug/stm32_eth.o
 .text.__enable_irq
                0x0000be60        0xc Debug/stm32_eth.o
 .text.__disable_irq
                0x0000be6c        0xc Debug/stm32_eth.o
 .text.__enable_fault_irq
                0x0000be78        0xc Debug/stm32_eth.o
 .text.__disable_fault_irq
                0x0000be84        0xc Debug/stm32_eth.o
 .text.__NOP    0x0000be90        0xc Debug/stm32_eth.o
 .text.__WFI    0x0000be9c        0xc Debug/stm32_eth.o
 .text.__WFE    0x0000bea8        0xc Debug/stm32_eth.o
 .text.__SEV    0x0000beb4        0xc Debug/stm32_eth.o
 .text.__ISB    0x0000bec0       0x10 Debug/stm32_eth.o
 .text.__DSB    0x0000bed0       0x10 Debug/stm32_eth.o
 .text.__DMB    0x0000bee0       0x10 Debug/stm32_eth.o
 .text.__CLREX  0x0000bef0       0x10 Debug/stm32_eth.o
 .text.NVIC_SetPriorityGrouping
                0x0000bf00       0x58 Debug/stm32_eth.o
 .text.NVIC_GetPriorityGrouping
                0x0000bf58       0x20 Debug/stm32_eth.o
 .text.NVIC_EnableIRQ
                0x0000bf78       0x38 Debug/stm32_eth.o
 .text.NVIC_DisableIRQ
                0x0000bfb0       0x3c Debug/stm32_eth.o
 .text.NVIC_GetPendingIRQ
                0x0000bfec       0x48 Debug/stm32_eth.o
 .text.NVIC_SetPendingIRQ
                0x0000c034       0x3c Debug/stm32_eth.o
 .text.NVIC_ClearPendingIRQ
                0x0000c070       0x3c Debug/stm32_eth.o
 .text.NVIC_GetActive
                0x0000c0ac       0x48 Debug/stm32_eth.o
 .text.NVIC_SetPriority
                0x0000c0f4       0x5c Debug/stm32_eth.o
 .text.NVIC_GetPriority
                0x0000c150       0x58 Debug/stm32_eth.o
 .text.NVIC_EncodePriority
                0x0000c1a8       0x7c Debug/stm32_eth.o
 .text.NVIC_DecodePriority
                0x0000c224       0x80 Debug/stm32_eth.o
 .text.SysTick_Config
                0x0000c2a4       0x64 Debug/stm32_eth.o
 .text.NVIC_SystemReset
                0x0000c308       0x30 Debug/stm32_eth.o
 .text.ITM_SendChar
                0x0000c338       0x6c Debug/stm32_eth.o
 .text.ETH_DeInit
                0x0000c3a4       0x20 Debug/stm32_eth.o
                0x0000c3a4                ETH_DeInit
 .text.ETH_Init
                0x0000c3c4      0x460 Debug/stm32_eth.o
                0x0000c3c4                ETH_Init
 .text.ETH_StructInit
                0x0000c824      0x1a8 Debug/stm32_eth.o
                0x0000c824                ETH_StructInit
 .text.ETH_Start
                0x0000c9cc       0x2c Debug/stm32_eth.o
                0x0000c9cc                ETH_Start
 .text.ETH_HandleTxPkt
                0x0000c9f8      0x194 Debug/stm32_eth.o
                0x0000c9f8                ETH_HandleTxPkt
 .text.ETH_HandleRxPkt
                0x0000cb8c      0x1bc Debug/stm32_eth.o
                0x0000cb8c                ETH_HandleRxPkt
 .text.ETH_GetRxPktSize
                0x0000cd48       0x78 Debug/stm32_eth.o
                0x0000cd48                ETH_GetRxPktSize
 .text.ETH_DropRxPkt
                0x0000cdc0       0xb0 Debug/stm32_eth.o
                0x0000cdc0                ETH_DropRxPkt
 .text.ETH_ReadPHYRegister
                0x0000ce70       0xcc Debug/stm32_eth.o
                0x0000ce70                ETH_ReadPHYRegister
 .text.ETH_WritePHYRegister
                0x0000cf3c       0xd4 Debug/stm32_eth.o
                0x0000cf3c                ETH_WritePHYRegister
 .text.ETH_PHYLoopBackCmd
                0x0000d010       0x68 Debug/stm32_eth.o
                0x0000d010                ETH_PHYLoopBackCmd
 .text.ETH_MACTransmissionCmd
                0x0000d078       0x4c Debug/stm32_eth.o
                0x0000d078                ETH_MACTransmissionCmd
 .text.ETH_MACReceptionCmd
                0x0000d0c4       0x4c Debug/stm32_eth.o
                0x0000d0c4                ETH_MACReceptionCmd
 .text.ETH_GetFlowControlBusyStatus
                0x0000d110       0x3c Debug/stm32_eth.o
                0x0000d110                ETH_GetFlowControlBusyStatus
 .text.ETH_InitiatePauseControlFrame
                0x0000d14c       0x24 Debug/stm32_eth.o
                0x0000d14c                ETH_InitiatePauseControlFrame
 .text.ETH_BackPressureActivationCmd
                0x0000d170       0x4c Debug/stm32_eth.o
                0x0000d170                ETH_BackPressureActivationCmd
 .text.ETH_GetMACFlagStatus
                0x0000d1bc       0x40 Debug/stm32_eth.o
                0x0000d1bc                ETH_GetMACFlagStatus
 .text.ETH_GetMACITStatus
                0x0000d1fc       0x40 Debug/stm32_eth.o
                0x0000d1fc                ETH_GetMACITStatus
 .text.ETH_MACITConfig
                0x0000d23c       0x58 Debug/stm32_eth.o
                0x0000d23c                ETH_MACITConfig
 .text.ETH_MACAddressConfig
                0x0000d294       0x84 Debug/stm32_eth.o
                0x0000d294                ETH_MACAddressConfig
 .text.ETH_GetMACAddress
                0x0000d318       0x88 Debug/stm32_eth.o
                0x0000d318                ETH_GetMACAddress
 .text.ETH_MACAddressPerfectFilterCmd
                0x0000d3a0       0x64 Debug/stm32_eth.o
                0x0000d3a0                ETH_MACAddressPerfectFilterCmd
 .text.ETH_MACAddressFilterConfig
                0x0000d404       0x60 Debug/stm32_eth.o
                0x0000d404                ETH_MACAddressFilterConfig
 .text.ETH_MACAddressMaskBytesFilterConfig
                0x0000d464       0x5c Debug/stm32_eth.o
                0x0000d464                ETH_MACAddressMaskBytesFilterConfig
 .text.ETH_DMATxDescChainInit
                0x0000d4c0       0xa4 Debug/stm32_eth.o
                0x0000d4c0                ETH_DMATxDescChainInit
 .text.ETH_DMATxDescRingInit
                0x0000d564       0xa0 Debug/stm32_eth.o
                0x0000d564                ETH_DMATxDescRingInit
 .text.ETH_GetDMATxDescFlagStatus
                0x0000d604       0x3c Debug/stm32_eth.o
                0x0000d604                ETH_GetDMATxDescFlagStatus
 .text.ETH_GetDMATxDescCollisionCount
                0x0000d640       0x20 Debug/stm32_eth.o
                0x0000d640                ETH_GetDMATxDescCollisionCount
 .text.ETH_SetDMATxDescOwnBit
                0x0000d660       0x20 Debug/stm32_eth.o
                0x0000d660                ETH_SetDMATxDescOwnBit
 .text.ETH_DMATxDescTransmitITConfig
                0x0000d680       0x38 Debug/stm32_eth.o
                0x0000d680                ETH_DMATxDescTransmitITConfig
 .text.ETH_DMATxDescFrameSegmentConfig
                0x0000d6b8       0x24 Debug/stm32_eth.o
                0x0000d6b8                ETH_DMATxDescFrameSegmentConfig
 .text.ETH_DMATxDescChecksumInsertionConfig
                0x0000d6dc       0x24 Debug/stm32_eth.o
                0x0000d6dc                ETH_DMATxDescChecksumInsertionConfig
 .text.ETH_DMATxDescCRCCmd
                0x0000d700       0x38 Debug/stm32_eth.o
                0x0000d700                ETH_DMATxDescCRCCmd
 .text.ETH_DMATxDescEndOfRingCmd
                0x0000d738       0x38 Debug/stm32_eth.o
                0x0000d738                ETH_DMATxDescEndOfRingCmd
 .text.ETH_DMATxDescSecondAddressChainedCmd
                0x0000d770       0x38 Debug/stm32_eth.o
                0x0000d770                ETH_DMATxDescSecondAddressChainedCmd
 .text.ETH_DMATxDescShortFramePaddingCmd
                0x0000d7a8       0x38 Debug/stm32_eth.o
                0x0000d7a8                ETH_DMATxDescShortFramePaddingCmd
 .text.ETH_DMATxDescTimeStampCmd
                0x0000d7e0       0x38 Debug/stm32_eth.o
                0x0000d7e0                ETH_DMATxDescTimeStampCmd
 .text.ETH_DMATxDescBufferSizeConfig
                0x0000d818       0x30 Debug/stm32_eth.o
                0x0000d818                ETH_DMATxDescBufferSizeConfig
 .text.ETH_DMARxDescChainInit
                0x0000d848       0xac Debug/stm32_eth.o
                0x0000d848                ETH_DMARxDescChainInit
 .text.ETH_DMARxDescRingInit
                0x0000d8f4       0xb4 Debug/stm32_eth.o
                0x0000d8f4                ETH_DMARxDescRingInit
 .text.ETH_GetDMARxDescFlagStatus
                0x0000d9a8       0x3c Debug/stm32_eth.o
                0x0000d9a8                ETH_GetDMARxDescFlagStatus
 .text.ETH_SetDMARxDescOwnBit
                0x0000d9e4       0x20 Debug/stm32_eth.o
                0x0000d9e4                ETH_SetDMARxDescOwnBit
 .text.ETH_GetDMARxDescFrameLength
                0x0000da04       0x28 Debug/stm32_eth.o
                0x0000da04                ETH_GetDMARxDescFrameLength
 .text.ETH_DMARxDescReceiveITConfig
                0x0000da2c       0x38 Debug/stm32_eth.o
                0x0000da2c                ETH_DMARxDescReceiveITConfig
 .text.ETH_DMARxDescEndOfRingCmd
                0x0000da64       0x38 Debug/stm32_eth.o
                0x0000da64                ETH_DMARxDescEndOfRingCmd
 .text.ETH_DMARxDescSecondAddressChainedCmd
                0x0000da9c       0x38 Debug/stm32_eth.o
                0x0000da9c                ETH_DMARxDescSecondAddressChainedCmd
 .text.ETH_GetDMARxDescBufferSize
                0x0000dad4       0x40 Debug/stm32_eth.o
                0x0000dad4                ETH_GetDMARxDescBufferSize
 .text.ETH_SoftwareReset
                0x0000db14       0x2c Debug/stm32_eth.o
                0x0000db14                ETH_SoftwareReset
 .text.ETH_GetSoftwareResetStatus
                0x0000db40       0x40 Debug/stm32_eth.o
                0x0000db40                ETH_GetSoftwareResetStatus
 .text.ETH_GetDMAFlagStatus
                0x0000db80       0x48 Debug/stm32_eth.o
                0x0000db80                ETH_GetDMAFlagStatus
 .text.ETH_DMAClearFlag
                0x0000dbc8       0x28 Debug/stm32_eth.o
                0x0000dbc8                ETH_DMAClearFlag
 .text.ETH_GetDMAITStatus
                0x0000dbf0       0x48 Debug/stm32_eth.o
                0x0000dbf0                ETH_GetDMAITStatus
 .text.ETH_DMAClearITPendingBit
                0x0000dc38       0x28 Debug/stm32_eth.o
                0x0000dc38                ETH_DMAClearITPendingBit
 .text.ETH_GetTransmitProcessState
                0x0000dc60       0x24 Debug/stm32_eth.o
                0x0000dc60                ETH_GetTransmitProcessState
 .text.ETH_GetReceiveProcessState
                0x0000dc84       0x24 Debug/stm32_eth.o
                0x0000dc84                ETH_GetReceiveProcessState
 .text.ETH_FlushTransmitFIFO
                0x0000dca8       0x34 Debug/stm32_eth.o
                0x0000dca8                ETH_FlushTransmitFIFO
 .text.ETH_GetFlushTransmitFIFOStatus
                0x0000dcdc       0x44 Debug/stm32_eth.o
                0x0000dcdc                ETH_GetFlushTransmitFIFOStatus
 .text.ETH_DMATransmissionCmd
                0x0000dd20       0x6c Debug/stm32_eth.o
                0x0000dd20                ETH_DMATransmissionCmd
 .text.ETH_DMAReceptionCmd
                0x0000dd8c       0x6c Debug/stm32_eth.o
                0x0000dd8c                ETH_DMAReceptionCmd
 .text.ETH_DMAITConfig
                0x0000ddf8       0x78 Debug/stm32_eth.o
                0x0000ddf8                ETH_DMAITConfig
 .text.ETH_GetDMAOverflowStatus
                0x0000de70       0x44 Debug/stm32_eth.o
                0x0000de70                ETH_GetDMAOverflowStatus
 .text.ETH_GetRxOverflowMissedFrameCounter
                0x0000deb4       0x2c Debug/stm32_eth.o
                0x0000deb4                ETH_GetRxOverflowMissedFrameCounter
 .text.ETH_GetBufferUnavailableMissedFrameCounter
                0x0000dee0       0x24 Debug/stm32_eth.o
                0x0000dee0                ETH_GetBufferUnavailableMissedFrameCounter
 .text.ETH_GetCurrentTxDescStartAddress
                0x0000df04       0x20 Debug/stm32_eth.o
                0x0000df04                ETH_GetCurrentTxDescStartAddress
 .text.ETH_GetCurrentRxDescStartAddress
                0x0000df24       0x20 Debug/stm32_eth.o
                0x0000df24                ETH_GetCurrentRxDescStartAddress
 .text.ETH_GetCurrentTxBufferAddress
                0x0000df44       0x20 Debug/stm32_eth.o
                0x0000df44                ETH_GetCurrentTxBufferAddress
 .text.ETH_GetCurrentRxBufferAddress
                0x0000df64       0x20 Debug/stm32_eth.o
                0x0000df64                ETH_GetCurrentRxBufferAddress
 .text.ETH_ResumeDMATransmission
                0x0000df84       0x20 Debug/stm32_eth.o
                0x0000df84                ETH_ResumeDMATransmission
 .text.ETH_ResumeDMAReception
                0x0000dfa4       0x20 Debug/stm32_eth.o
                0x0000dfa4                ETH_ResumeDMAReception
 .text.ETH_ResetWakeUpFrameFilterRegisterPointer
                0x0000dfc4       0x24 Debug/stm32_eth.o
                0x0000dfc4                ETH_ResetWakeUpFrameFilterRegisterPointer
 .text.ETH_SetWakeUpFrameFilterRegister
                0x0000dfe8       0x44 Debug/stm32_eth.o
                0x0000dfe8                ETH_SetWakeUpFrameFilterRegister
 .text.ETH_GlobalUnicastWakeUpCmd
                0x0000e02c       0x4c Debug/stm32_eth.o
                0x0000e02c                ETH_GlobalUnicastWakeUpCmd
 .text.ETH_GetPMTFlagStatus
                0x0000e078       0x40 Debug/stm32_eth.o
                0x0000e078                ETH_GetPMTFlagStatus
 .text.ETH_WakeUpFrameDetectionCmd
                0x0000e0b8       0x4c Debug/stm32_eth.o
                0x0000e0b8                ETH_WakeUpFrameDetectionCmd
 .text.ETH_MagicPacketDetectionCmd
                0x0000e104       0x4c Debug/stm32_eth.o
                0x0000e104                ETH_MagicPacketDetectionCmd
 .text.ETH_PowerDownCmd
                0x0000e150       0x4c Debug/stm32_eth.o
                0x0000e150                ETH_PowerDownCmd
 .text.ETH_MMCCounterFreezeCmd
                0x0000e19c       0x54 Debug/stm32_eth.o
                0x0000e19c                ETH_MMCCounterFreezeCmd
 .text.ETH_MMCResetOnReadCmd
                0x0000e1f0       0x54 Debug/stm32_eth.o
                0x0000e1f0                ETH_MMCResetOnReadCmd
 .text.ETH_MMCCounterRolloverCmd
                0x0000e244       0x54 Debug/stm32_eth.o
                0x0000e244                ETH_MMCCounterRolloverCmd
 .text.ETH_MMCCountersReset
                0x0000e298       0x28 Debug/stm32_eth.o
                0x0000e298                ETH_MMCCountersReset
 .text.ETH_MMCITConfig
                0x0000e2c0       0xbc Debug/stm32_eth.o
                0x0000e2c0                ETH_MMCITConfig
 .text.ETH_GetMMCITStatus
                0x0000e37c       0xa0 Debug/stm32_eth.o
                0x0000e37c                ETH_GetMMCITStatus
 .text.ETH_GetMMCRegister
                0x0000e41c       0x20 Debug/stm32_eth.o
                0x0000e41c                ETH_GetMMCRegister
 .text.ETH_EnablePTPTimeStampAddend
                0x0000e43c       0x28 Debug/stm32_eth.o
                0x0000e43c                ETH_EnablePTPTimeStampAddend
 .text.ETH_EnablePTPTimeStampInterruptTrigger
                0x0000e464       0x28 Debug/stm32_eth.o
                0x0000e464                ETH_EnablePTPTimeStampInterruptTrigger
 .text.ETH_EnablePTPTimeStampUpdate
                0x0000e48c       0x28 Debug/stm32_eth.o
                0x0000e48c                ETH_EnablePTPTimeStampUpdate
 .text.ETH_InitializePTPTimeStamp
                0x0000e4b4       0x28 Debug/stm32_eth.o
                0x0000e4b4                ETH_InitializePTPTimeStamp
 .text.ETH_PTPUpdateMethodConfig
                0x0000e4dc       0x54 Debug/stm32_eth.o
                0x0000e4dc                ETH_PTPUpdateMethodConfig
 .text.ETH_PTPTimeStampCmd
                0x0000e530       0x54 Debug/stm32_eth.o
                0x0000e530                ETH_PTPTimeStampCmd
 .text.ETH_GetPTPFlagStatus
                0x0000e584       0x40 Debug/stm32_eth.o
                0x0000e584                ETH_GetPTPFlagStatus
 .text.ETH_SetPTPSubSecondIncrement
                0x0000e5c4       0x20 Debug/stm32_eth.o
                0x0000e5c4                ETH_SetPTPSubSecondIncrement
 .text.ETH_SetPTPTimeStampUpdate
                0x0000e5e4       0x38 Debug/stm32_eth.o
                0x0000e5e4                ETH_SetPTPTimeStampUpdate
 .text.ETH_SetPTPTimeStampAddend
                0x0000e61c       0x20 Debug/stm32_eth.o
                0x0000e61c                ETH_SetPTPTimeStampAddend
 .text.ETH_SetPTPTargetTime
                0x0000e63c       0x30 Debug/stm32_eth.o
                0x0000e63c                ETH_SetPTPTargetTime
 .text.ETH_GetPTPRegister
                0x0000e66c       0x20 Debug/stm32_eth.o
                0x0000e66c                ETH_GetPTPRegister
 .text.ETH_DMAPTPTxDescChainInit
                0x0000e68c       0xe4 Debug/stm32_eth.o
                0x0000e68c                ETH_DMAPTPTxDescChainInit
 .text.ETH_DMAPTPRxDescChainInit
                0x0000e770       0xec Debug/stm32_eth.o
                0x0000e770                ETH_DMAPTPRxDescChainInit
 .text.ETH_HandlePTPTxPkt
                0x0000e85c      0x2ac Debug/stm32_eth.o